Component: ARM Compiler 5.05 update 2 (build 169) Tool: armlink [4d0f33]

==============================================================================

Section Cross References

    alltests.o(i.RunAllTests) refers to sprintftestrunner.o(i.TEST_sprintf_GROUP_RUNNER) for TEST_sprintf_GROUP_RUNNER
    main.o(i.RunAllTests) refers to leddrivertestrunner.o(i.TEST_LedDriver_GROUP_RUNNER) for TEST_LedDriver_GROUP_RUNNER
    main.o(i.TestMain) refers to unity_fixture.o(i.UnityMain) for UnityMain
    main.o(i.TestMain) refers to main.o(i.RunAllTests) for RunAllTests
    main.o(i.main) refers to main.o(i.TestMain) for TestMain
    main.o(i.main) refers to main.o(.bss) for argv
    main.o(i.main) refers to main.o(.data) for argc
    unity_fixture.o(i.UnityConcludeFixtureTest) refers to putc.o(.text) for putc
    unity_fixture.o(i.UnityConcludeFixtureTest) refers to unity.o(i.UnityPrint) for UnityPrint
    unity_fixture.o(i.UnityConcludeFixtureTest) refers to unity.o(.bss) for Unity
    unity_fixture.o(i.UnityConcludeFixtureTest) refers to stdio_streams.o(.bss) for __stdout
    unity_fixture.o(i.UnityConcludeFixtureTest) refers to unity_fixture.o(.bss) for UnityFixture
    unity_fixture.o(i.UnityFailureCount) refers to unity.o(.bss) for Unity
    unity_fixture.o(i.UnityGetCommandLineOptions) refers to strcmpv7m.o(.text) for strcmp
    unity_fixture.o(i.UnityGetCommandLineOptions) refers to atoi.o(.text) for atoi
    unity_fixture.o(i.UnityGetCommandLineOptions) refers to unity_fixture.o(.bss) for UnityFixture
    unity_fixture.o(i.UnityIgnoreCount) refers to unity.o(.bss) for Unity
    unity_fixture.o(i.UnityIgnoreTest) refers to unity_fixture.o(i.testSelected) for testSelected
    unity_fixture.o(i.UnityIgnoreTest) refers to unity_fixture.o(i.groupSelected) for groupSelected
    unity_fixture.o(i.UnityIgnoreTest) refers to putc.o(.text) for putc
    unity_fixture.o(i.UnityIgnoreTest) refers to unity.o(i.UnityPrint) for UnityPrint
    unity_fixture.o(i.UnityIgnoreTest) refers to unity_fixture.o(i.UnityConcludeFixtureTest) for UnityConcludeFixtureTest
    unity_fixture.o(i.UnityIgnoreTest) refers to unity.o(.bss) for Unity
    unity_fixture.o(i.UnityIgnoreTest) refers to unity_fixture.o(.bss) for UnityFixture
    unity_fixture.o(i.UnityIgnoreTest) refers to stdio_streams.o(.bss) for __stdout
    unity_fixture.o(i.UnityMain) refers to unity_fixture.o(i.UnityGetCommandLineOptions) for UnityGetCommandLineOptions
    unity_fixture.o(i.UnityMain) refers to unity.o(i.UnityBegin) for UnityBegin
    unity_fixture.o(i.UnityMain) refers to unity_fixture.o(i.announceTestRun) for announceTestRun
    unity_fixture.o(i.UnityMain) refers to putc.o(.text) for putc
    unity_fixture.o(i.UnityMain) refers to unity.o(i.UnityEnd) for UnityEnd
    unity_fixture.o(i.UnityMain) refers to unity_fixture.o(i.UnityFailureCount) for UnityFailureCount
    unity_fixture.o(i.UnityMain) refers to stdio_streams.o(.bss) for __stdout
    unity_fixture.o(i.UnityMain) refers to unity_fixture.o(.bss) for UnityFixture
    unity_fixture.o(i.UnityMalloc_EndTest) refers to unity.o(i.UnityFail) for UnityFail
    unity_fixture.o(i.UnityMalloc_EndTest) refers to unity_fixture.o(.data) for malloc_fail_countdown
    unity_fixture.o(i.UnityMalloc_MakeMallocFailAfterCount) refers to unity_fixture.o(.data) for malloc_fail_countdown
    unity_fixture.o(i.UnityMalloc_StartTest) refers to unity_fixture.o(.data) for malloc_count
    unity_fixture.o(i.UnityPointer_Init) refers to unity_fixture.o(.data) for pointer_index
    unity_fixture.o(i.UnityPointer_Set) refers to unity.o(i.UnityFail) for UnityFail
    unity_fixture.o(i.UnityPointer_Set) refers to unity_fixture.o(.data) for pointer_index
    unity_fixture.o(i.UnityPointer_Set) refers to unity_fixture.o(.bss) for pointer_store
    unity_fixture.o(i.UnityPointer_UndoAllSets) refers to unity_fixture.o(.data) for pointer_index
    unity_fixture.o(i.UnityPointer_UndoAllSets) refers to unity_fixture.o(.bss) for pointer_store
    unity_fixture.o(i.UnityTestRunner) refers to unity_fixture.o(i.testSelected) for testSelected
    unity_fixture.o(i.UnityTestRunner) refers to unity_fixture.o(i.groupSelected) for groupSelected
    unity_fixture.o(i.UnityTestRunner) refers to putc.o(.text) for putc
    unity_fixture.o(i.UnityTestRunner) refers to unity.o(i.UnityPrint) for UnityPrint
    unity_fixture.o(i.UnityTestRunner) refers to unity_fixture.o(i.UnityMalloc_StartTest) for UnityMalloc_StartTest
    unity_fixture.o(i.UnityTestRunner) refers to unity_fixture.o(i.UnityPointer_Init) for UnityPointer_Init
    unity_fixture.o(i.UnityTestRunner) refers to unity_fixture.o(i.runTestCase) for runTestCase
    unity_fixture.o(i.UnityTestRunner) refers to setjmp.o(.text) for setjmp
    unity_fixture.o(i.UnityTestRunner) refers to unity_fixture.o(i.UnityPointer_UndoAllSets) for UnityPointer_UndoAllSets
    unity_fixture.o(i.UnityTestRunner) refers to unity_fixture.o(i.UnityMalloc_EndTest) for UnityMalloc_EndTest
[...]
    .ARM.Collect$$libshutdown$$0000000E      0x08000228   Section        0  libshutdown2.o(.ARM.Collect$$libshutdown$$0000000E)
    .ARM.Collect$$libshutdown$$0000000F      0x08000228   Section        2  libshutdown2.o(.ARM.Collect$$libshutdown$$0000000F)
    .ARM.Collect$$rtentry$$00000000          0x0800022a   Section        0  __rtentry.o(.ARM.Collect$$rtentry$$00000000)
    .ARM.Collect$$rtentry$$00000002          0x0800022a   Section        0  __rtentry2.o(.ARM.Collect$$rtentry$$00000002)
    .ARM.Collect$$rtentry$$00000004          0x0800022a   Section        6  __rtentry4.o(.ARM.Collect$$rtentry$$00000004)
    .ARM.Collect$$rtentry$$00000009          0x08000230   Section        0  __rtentry2.o(.ARM.Collect$$rtentry$$00000009)
    .ARM.Collect$$rtentry$$0000000A          0x08000230   Section        4  __rtentry2.o(.ARM.Collect$$rtentry$$0000000A)
    .ARM.Collect$$rtentry$$0000000C          0x08000234   Section        0  __rtentry2.o(.ARM.Collect$$rtentry$$0000000C)
    .ARM.Collect$$rtentry$$0000000D          0x08000234   Section        8  __rtentry2.o(.ARM.Collect$$rtentry$$0000000D)
    .ARM.Collect$$rtexit$$00000000           0x0800023c   Section        2  rtexit.o(.ARM.Collect$$rtexit$$00000000)
    .ARM.Collect$$rtexit$$00000002           0x0800023e   Section        0  rtexit2.o(.ARM.Collect$$rtexit$$00000002)
    .ARM.Collect$$rtexit$$00000003           0x0800023e   Section        4  rtexit2.o(.ARM.Collect$$rtexit$$00000003)
    .ARM.Collect$$rtexit$$00000004           0x08000242   Section        6  rtexit2.o(.ARM.Collect$$rtexit$$00000004)
    .emb_text                                0x08000248   Section        0  maybetermalloc1.o(.emb_text)
    .text                                    0x08000248   Section       64  startup_stm32f407xx.o(.text)
    $v0                                      0x08000248   Number         0  startup_stm32f407xx.o(.text)
    .text                                    0x08000288   Section        0  h1_alloc.o(.text)
    .text                                    0x080002e6   Section        0  h1_free.o(.text)
    .text                                    0x08000334   Section        0  atoi.o(.text)
    .text                                    0x0800034e   Section        0  putc.o(.text)
    .text                                    0x08000354   Section        0  putchar.o(.text)
    .text                                    0x08000360   Section        0  strstr.o(.text)
    .text                                    0x08000384   Section      128  strcmpv7m.o(.text)
    .text                                    0x08000404   Section        0  heapauxi.o(.text)
    .text                                    0x0800040a   Section       98  setjmp.o(.text)
    $v0                                      0x0800040a   Number         0  setjmp.o(.text)
    .text                                    0x0800046c   Section        8  rt_heap_descriptor_intlibspace.o(.text)
    .text                                    0x08000474   Section        8  rt_errno_addr_intlibspace.o(.text)
    .text                                    0x0800047c   Section        0  hguard.o(.text)
    .text                                    0x08000480   Section        0  init_alloc.o(.text)
    .text                                    0x0800050a   Section        0  h1_init.o(.text)
    .text                                    0x08000518   Section        0  strtol.o(.text)
    .text                                    0x08000588   Section        0  initio.o(.text)
    .text                                    0x080006c0   Section       78  rt_memclr_w.o(.text)
    .text                                    0x08000710   Section        8  libspace.o(.text)
    .text                                    0x08000718   Section       16  rt_ctype_table.o(.text)
    .text                                    0x08000728   Section        0  h1_extend.o(.text)
    .text                                    0x0800075c   Section        0  _strtoul.o(.text)
    .text                                    0x080007fa   Section        0  flsbuf.o(.text)
    .text                                    0x080009d0   Section        0  setvbuf.o(.text)
    .text                                    0x08000a18   Section        0  fopen.o(.text)
    _freopen_locked                          0x08000a19   Thumb Code     0  fopen.o(.text)
    .text                                    0x08000b04   Section        0  fclose.o(.text)
    .text                                    0x08000b50   Section        0  defsig_rtred_outer.o(.text)
    .text                                    0x08000b5e   Section        0  defsig_rtmem_outer.o(.text)
    .text                                    0x08000b6c   Section        2  use_no_semi.o(.text)
    .text                                    0x08000b6e   Section       74  sys_stackheap_outer.o(.text)
    .text                                    0x08000b6e   Section        0  indicate_semi.o(.text)
    .text                                    0x08000bb8   Section        8  rt_locale_intlibspace.o(.text)
    .text                                    0x08000bc0   Section        0  _chval.o(.text)
    .text                                    0x08000bdc   Section        0  fseek.o(.text)
    .text                                    0x08000cd4   Section        0  stdio.o(.text)
    .text                                    0x08000dc4   Section        0  exit.o(.text)
    .text                                    0x08000dd0   Section        0  defsig_exit.o(.text)
    .text                                    0x08000ddc   Section        0  defsig_rtred_inner.o(.text)
    .text                                    0x08000e10   Section        0  defsig_rtmem_inner.o(.text)
    .text                                    0x08000e60   Section        0  sys_exit.o(.text)
    .text                                    0x08000e6c   Section        0  ftell.o(.text)
    .text                                    0x08000eae   Section        0  defsig_general.o(.text)
    .text                                    0x08000ee0   Section        0  sys_wrch.o(.text)
    i.ITM_SendChar                           0x08000ef0   Section        0  retarget_io.o(i.ITM_SendChar)
    i.IsLedOutOfBounds                       0x08000f20   Section        0  leddriver.o(i.IsLedOutOfBounds)
    IsLedOutOfBounds                         0x08000f21   Thumb Code    32  leddriver.o(i.IsLedOutOfBounds)
    i.LedDriver_Create                       0x08000f7c   Section        0  leddriver.o(i.LedDriver_Create)
    i.LedDriver_IsOff                        0x08000f9c   Section        0  leddriver.o(i.LedDriver_IsOff)
    i.LedDriver_IsOn                         0x08000fb0   Section        0  leddriver.o(i.LedDriver_IsOn)
    i.LedDriver_TurnAllOff                   0x08000fdc   Section        0  leddriver.o(i.LedDriver_TurnAllOff)
    i.LedDriver_TurnAllOn                    0x08000ff0   Section        0  leddriver.o(i.LedDriver_TurnAllOn)
    i.LedDriver_TurnOff                      0x08001004   Section        0  leddriver.o(i.LedDriver_TurnOff)
    i.LedDriver_TurnOn                       0x08001020   Section        0  leddriver.o(i.LedDriver_TurnOn)
    i.RunAllTests                            0x0800103c   Section        0  main.o(i.RunAllTests)
    RunAllTests                              0x0800103d   Thumb Code     8  main.o(i.RunAllTests)
    i.RuntimeError                           0x08001044   Section        0  runtimeerrorstub.o(i.RuntimeError)
    i.RuntimeErrorStub_GetLastError          0x08001068   Section        0  runtimeerrorstub.o(i.RuntimeErrorStub_GetLastError)
    i.RuntimeErrorStub_GetLastParameter      0x08001074   Section        0  runtimeerrorstub.o(i.RuntimeErrorStub_GetLastParameter)
    i.SystemInit                             0x08001080   Section        0  system_stm32f4xx.o(i.SystemInit)
    i.TEST_LedDriver_AllOff_                 0x080010e4   Section        0  leddrivertest.o(i.TEST_LedDriver_AllOff_)
    i.TEST_LedDriver_AllOff_run              0x08001108   Section        0  leddrivertest.o(i.TEST_LedDriver_AllOff_run)
    i.TEST_LedDriver_AllOn_                  0x08001180   Section        0  leddrivertest.o(i.TEST_LedDriver_AllOn_)
    i.TEST_LedDriver_AllOn_run               0x080011a0   Section        0  leddrivertest.o(i.TEST_LedDriver_AllOn_run)
    i.TEST_LedDriver_GROUP_RUNNER            0x08001218   Section        0  leddrivertestrunner.o(i.TEST_LedDriver_GROUP_RUNNER)
    i.TEST_LedDriver_GROUP_RUNNER_runAll     0x08001220   Section        0  leddrivertestrunner.o(i.TEST_LedDriver_GROUP_RUNNER_runAll)
    i.TEST_LedDriver_IsOff_                  0x08001268   Section        0  leddrivertest.o(i.TEST_LedDriver_IsOff_)
    i.TEST_LedDriver_IsOff_run               0x080012cc   Section        0  leddrivertest.o(i.TEST_LedDriver_IsOff_run)
    i.TEST_LedDriver_IsOn_                   0x08001344   Section        0  leddrivertest.o(i.TEST_LedDriver_IsOn_)
    i.TEST_LedDriver_IsOn_run                0x080013a8   Section        0  leddrivertest.o(i.TEST_LedDriver_IsOn_run)
    i.TEST_LedDriver_LedMemoryIsNotReadable_ 0x08001420   Section        0  leddrivertest.o(i.TEST_LedDriver_LedMemoryIsNotReadable_)
    i.TEST_LedDriver_LedMemoryIsNotReadable_run 0x0800144c   Section        0  leddrivertest.o(i.TEST_LedDriver_LedMemoryIsNotReadable_run)
    i.TEST_LedDriver_LedsOffAfterCreate_     0x080014e4   Section        0  leddrivertest.o(i.TEST_LedDriver_LedsOffAfterCreate_)
    i.TEST_LedDriver_LedsOffAfterCreate_run  0x08001508   Section        0  leddrivertest.o(i.TEST_LedDriver_LedsOffAfterCreate_run)
    i.TEST_LedDriver_OutOfBoundsLedsAreAlwaysOff_ 0x08001598   Section        0  leddrivertest.o(i.TEST_LedDriver_OutOfBoundsLedsAreAlwaysOff_)
    i.TEST_LedDriver_OutOfBoundsLedsAreAlwaysOff_run 0x08001614   Section        0  leddrivertest.o(i.TEST_LedDriver_OutOfBoundsLedsAreAlwaysOff_run)
    i.TEST_LedDriver_OutOfBoundsProducesRuntimeError_ 0x080016b8   Section        0  leddrivertest.o(i.TEST_LedDriver_OutOfBoundsProducesRuntimeError_)
    i.TEST_LedDriver_OutOfBoundsProducesRuntimeError_run 0x0800170c   Section        0  leddrivertest.o(i.TEST_LedDriver_OutOfBoundsProducesRuntimeError_run)
    i.TEST_LedDriver_OutOfBoundsToDo_run     0x080017b8   Section        0  leddrivertest.o(i.TEST_LedDriver_OutOfBoundsToDo_run)
    i.TEST_LedDriver_OutOfBoundsTurnOffDoesNoHarm_ 0x08001804   Section        0  leddrivertest.o(i.TEST_LedDriver_OutOfBoundsTurnOffDoesNoHarm_)
    i.TEST_LedDriver_OutOfBoundsTurnOffDoesNoHarm_run 0x08001840   Section        0  leddrivertest.o(i.TEST_LedDriver_OutOfBoundsTurnOffDoesNoHarm_run)
    i.TEST_LedDriver_OutOfBoundsTurnOnDoesNoHarm_ 0x080018e8   Section        0  leddrivertest.o(i.TEST_LedDriver_OutOfBoundsTurnOnDoesNoHarm_)
    i.TEST_LedDriver_OutOfBoundsTurnOnDoesNoHarm_run 0x08001920   Section        0  leddrivertest.o(i.TEST_LedDriver_OutOfBoundsTurnOnDoesNoHarm_run)
    i.TEST_LedDriver_SETUP                   0x080019c4   Section        0  leddrivertest.o(i.TEST_LedDriver_SETUP)
    i.TEST_LedDriver_TEAR_DOWN               0x080019d4   Section        0  leddrivertest.o(i.TEST_LedDriver_TEAR_DOWN)
    i.TEST_LedDriver_TurnOffAnyLed_          0x080019d8   Section        0  leddrivertest.o(i.TEST_LedDriver_TurnOffAnyLed_)
    i.TEST_LedDriver_TurnOffAnyLed_run       0x08001a00   Section        0  leddrivertest.o(i.TEST_LedDriver_TurnOffAnyLed_run)
    i.TEST_LedDriver_TurnOffLedOne_          0x08001a88   Section        0  leddrivertest.o(i.TEST_LedDriver_TurnOffLedOne_)
    i.TEST_LedDriver_TurnOffLedOne_run       0x08001ab0   Section        0  leddrivertest.o(i.TEST_LedDriver_TurnOffLedOne_run)
    i.TEST_LedDriver_TurnOffMultipleLeds_    0x08001b38   Section        0  leddrivertest.o(i.TEST_LedDriver_TurnOffMultipleLeds_)
    i.TEST_LedDriver_TurnOffMultipleLeds_run 0x08001b68   Section        0  leddrivertest.o(i.TEST_LedDriver_TurnOffMultipleLeds_run)
    i.TEST_LedDriver_TurnOnLedOne_           0x08001bfc   Section        0  leddrivertest.o(i.TEST_LedDriver_TurnOnLedOne_)
    i.TEST_LedDriver_TurnOnLedOne_run        0x08001c20   Section        0  leddrivertest.o(i.TEST_LedDriver_TurnOnLedOne_run)
    i.TEST_LedDriver_TurnOnMultipleLeds_     0x08001ca8   Section        0  leddrivertest.o(i.TEST_LedDriver_TurnOnMultipleLeds_)
    i.TEST_LedDriver_TurnOnMultipleLeds_run  0x08001cd4   Section        0  leddrivertest.o(i.TEST_LedDriver_TurnOnMultipleLeds_run)
    i.TEST_LedDriver_UpperAndLowerBounds_    0x08001d64   Section        0  leddrivertest.o(i.TEST_LedDriver_UpperAndLowerBounds_)
    i.TEST_LedDriver_UpperAndLowerBounds_run 0x08001d90   Section        0  leddrivertest.o(i.TEST_LedDriver_UpperAndLowerBounds_run)
    i.TestMain                               0x08001e24   Section        0  main.o(i.TestMain)
    TestMain                                 0x08001e25   Thumb Code    18  main.o(i.TestMain)
    i.UnityAddMsgIfSpecified                 0x08001e3c   Section        0  unity.o(i.UnityAddMsgIfSpecified)
    UnityAddMsgIfSpecified                   0x08001e3d   Thumb Code    66  unity.o(i.UnityAddMsgIfSpecified)
    i.UnityAssertEqualNumber                 0x08001e90   Section        0  unity.o(i.UnityAssertEqualNumber)
    i.UnityAssertEqualString                 0x08001efc   Section        0  unity.o(i.UnityAssertEqualString)
    i.UnityBegin                             0x08001f7c   Section        0  unity.o(i.UnityBegin)
    i.UnityConcludeFixtureTest               0x08001f9c   Section        0  unity_fixture.o(i.UnityConcludeFixtureTest)
    i.UnityEnd                               0x0800200c   Section        0  unity.o(i.UnityEnd)
    i.UnityFail                              0x0800208c   Section        0  unity.o(i.UnityFail)
    i.UnityFailureCount                      0x08002120   Section        0  unity_fixture.o(i.UnityFailureCount)
    i.UnityGetCommandLineOptions             0x0800212c   Section        0  unity_fixture.o(i.UnityGetCommandLineOptions)
    i.UnityIgnoreTest                        0x08002200   Section        0  unity_fixture.o(i.UnityIgnoreTest)
    i.UnityMain                              0x08002250   Section        0  unity_fixture.o(i.UnityMain)
    i.UnityMalloc_EndTest                    0x080022a4   Section        0  unity_fixture.o(i.UnityMalloc_EndTest)
    i.UnityMalloc_StartTest                  0x080022dc   Section        0  unity_fixture.o(i.UnityMalloc_StartTest)
    i.UnityPointer_Init                      0x080022f4   Section        0  unity_fixture.o(i.UnityPointer_Init)
    i.UnityPointer_UndoAllSets               0x08002300   Section        0  unity_fixture.o(i.UnityPointer_UndoAllSets)
    i.UnityPrint                             0x08002340   Section        0  unity.o(i.UnityPrint)
    i.UnityPrintExpectedAndActualStrings     0x080023b0   Section        0  unity.o(i.UnityPrintExpectedAndActualStrings)
    UnityPrintExpectedAndActualStrings       0x080023b1   Thumb Code    84  unity.o(i.UnityPrintExpectedAndActualStrings)
    i.UnityPrintFail                         0x08002414   Section        0  unity.o(i.UnityPrintFail)
    i.UnityPrintNumber                       0x08002424   Section        0  unity.o(i.UnityPrintNumber)
    i.UnityPrintNumberByStyle                0x0800249c   Section        0  unity.o(i.UnityPrintNumberByStyle)
    i.UnityPrintNumberHex                    0x080024e0   Section        0  unity.o(i.UnityPrintNumberHex)
    i.UnityPrintNumberUnsigned               0x08002538   Section        0  unity.o(i.UnityPrintNumberUnsigned)
    i.UnityPrintOk                           0x0800258c   Section        0  unity.o(i.UnityPrintOk)
    i.UnityTestResultsBegin                  0x0800259c   Section        0  unity.o(i.UnityTestResultsBegin)
    UnityTestResultsBegin                    0x0800259d   Thumb Code    52  unity.o(i.UnityTestResultsBegin)
    i.UnityTestResultsFailBegin              0x080025d8   Section        0  unity.o(i.UnityTestResultsFailBegin)
    UnityTestResultsFailBegin                0x080025d9   Thumb Code    30  unity.o(i.UnityTestResultsFailBegin)
    i.UnityTestRunner                        0x08002604   Section        0  unity_fixture.o(i.UnityTestRunner)
    i._sys_close                             0x080026b0   Section        0  retarget_io.o(i._sys_close)
    i._sys_flen                              0x080026d6   Section        0  retarget_io.o(i._sys_flen)
    i._sys_istty                             0x080026fa   Section        0  retarget_io.o(i._sys_istty)
    i._sys_open                              0x08002720   Section        0  retarget_io.o(i._sys_open)
    i._sys_seek                              0x08002788   Section        0  retarget_io.o(i._sys_seek)
    i._sys_write                             0x080027b4   Section        0  retarget_io.o(i._sys_write)
    i.announceTestRun                        0x080027fc   Section        0  unity_fixture.o(i.announceTestRun)
    announceTestRun                          0x080027fd   Thumb Code    40  unity_fixture.o(i.announceTestRun)
    i.clearLedImageBit                       0x08002844   Section        0  leddriver.o(i.clearLedImageBit)
    clearLedImageBit                         0x08002845   Thumb Code    22  leddriver.o(i.clearLedImageBit)
    i.convertLedNumberToBit                  0x08002860   Section        0  leddriver.o(i.convertLedNumberToBit)
    convertLedNumberToBit                    0x08002861   Thumb Code    12  leddriver.o(i.convertLedNumberToBit)
    i.fputc                                  0x0800286c   Section        0  fputc.o(i.fputc)
    i.groupSelected                          0x08002888   Section        0  unity_fixture.o(i.groupSelected)
    groupSelected                            0x08002889   Thumb Code    16  unity_fixture.o(i.groupSelected)
    i.main                                   0x0800289c   Section        0  main.o(i.main)
    i.runTestCase                            0x080028b4   Section        0  unity_fixture.o(i.runTestCase)
    runTestCase                              0x080028b5   Thumb Code     2  unity_fixture.o(i.runTestCase)
    i.selected                               0x080028b6   Section        0  unity_fixture.o(i.selected)
    selected                                 0x080028b7   Thumb Code    30  unity_fixture.o(i.selected)
    i.setLedImageBit                         0x080028d4   Section        0  leddriver.o(i.setLedImageBit)
    setLedImageBit                           0x080028d5   Thumb Code    22  leddriver.o(i.setLedImageBit)
    i.stdout_putchar                         0x080028f0   Section        0  retarget_io.o(i.stdout_putchar)
    stdout_putchar                           0x080028f1   Thumb Code    12  retarget_io.o(i.stdout_putchar)
    i.testSelected                           0x080028fc   Section        0  unity_fixture.o(i.testSelected)
    testSelected                             0x080028fd   Thumb Code    16  unity_fixture.o(i.testSelected)
    i.updateHardware                         0x08002910   Section        0  leddriver.o(i.updateHardware)
    updateHardware                           0x08002911   Thumb Code    12  leddriver.o(i.updateHardware)
    locale$$code                             0x08002924   Section       44  lc_ctype_c.o(locale$$code)
    x$fpl$fpinit                             0x08002950   Section       10  fpinit.o(x$fpl$fpinit)
    $v0                                      0x08002950   Number         0  fpinit.o(x$fpl$fpinit)
    .constdata                               0x0800295c   Section      480  unity.o(.constdata)
    .constdata                               0x08002b3c   Section       23  retarget_io.o(.constdata)
    .conststring                             0x08002b54   Section        4  unity_fixture.o(.conststring)
    .conststring                             0x08002b58   Section        9  runtimeerrorstub.o(.conststring)
    .conststring                             0x08002b64   Section       10  leddrivertest.o(.conststring)
    locale$$data                             0x08002b90   Section      272  lc_ctype_c.o(locale$$data)
    __lcctype_c_name                         0x08002b94   Data           2  lc_ctype_c.o(locale$$data)
    __lcctype_c_start                        0x08002b9c   Data           0  lc_ctype_c.o(locale$$data)
    __lcctype_c_end                          0x08002ca0   Data           0  lc_ctype_c.o(locale$$data)
    .data                                    0x20000000   Section        4  main.o(.data)
    .data                                    0x20000004   Section       24  unity_fixture.o(.data)
    malloc_count                             0x2000000c   Data           4  unity_fixture.o(.data)
    malloc_fail_countdown                    0x20000010   Data           4  unity_fixture.o(.data)
    end                                      0x20000014   Data           4  unity_fixture.o(.data)
    pointer_index                            0x20000018   Data           4  unity_fixture.o(.data)
    .data                                    0x2000001c   Section       16  runtimeerrorstub.o(.data)
    message                                  0x2000001c   Data           4  runtimeerrorstub.o(.data)
    parameter                                0x20000020   Data           4  runtimeerrorstub.o(.data)
    file                                     0x20000024   Data           4  runtimeerrorstub.o(.data)
    line                                     0x20000028   Data           4  runtimeerrorstub.o(.data)
    .data                                    0x2000002c   Section        6  leddrivertest.o(.data)
    TEST_GROUP_LedDriver                     0x2000002c   Data           4  leddrivertest.o(.data)
    virtualLeds                              0x20000030   Data           2  leddrivertest.o(.data)
    .data                                    0x20000034   Section        6  leddriver.o(.data)
    ledsAddress                              0x20000034   Data           4  leddriver.o(.data)
    ledsImage                                0x20000038   Data           2  leddriver.o(.data)
    .data                                    0x2000003c   Section        4  stdio_streams.o(.data)
    .data                                    0x20000040   Section        4  stdio_streams.o(.data)
    .data                                    0x20000044   Section        4  stdio_streams.o(.data)
    .bss                                     0x20000048   Section       40  main.o(.bss)
    .bss                                     0x20000070   Section      628  unity_fixture.o(.bss)
    pointer_store                            0x20000080   Data         612  unity_fixture.o(.bss)
    .bss                                     0x200002e8   Section      424  unity.o(.bss)
    .bss                                     0x20000490   Section       84  stdio_streams.o(.bss)
    .bss                                     0x200004e4   Section       84  stdio_streams.o(.bss)
    .bss                                     0x20000538   Section       84  stdio_streams.o(.bss)
    .bss                                     0x2000058c   Section       96  libspace.o(.bss)
    HEAP                                     0x200005f0   Section      512  startup_stm32f407xx.o(HEAP)
    Heap_Mem                                 0x200005f0   Data         512  startup_stm32f407xx.o(HEAP)
    STACK                                    0x200007f0   Section     1024  startup_stm32f407xx.o(STACK)
    Stack_Mem                                0x200007f0   Data        1024  startup_stm32f407xx.o(STACK)
    __initial_sp                             0x20000bf0   Data           0  startup_stm32f407xx.o(STACK)

    Global Symbols

    Symbol Name                              Value     Ov Type        Size  Object(Section)

    BuildAttributes$$THM_ISAv4$E$P$D$K$B$S$7EM$VFPi3$EXTD16$VFPS$VFMA$PE$A:L22UL41UL21$X:L11$S22US41US21$IEEE1$IW$USESV6$~STKCKD$USESV7$~SHL$OTIME$ROPI$EBA8$UX$STANDARDLIB$REQ8$PRES8$EABIv2 0x00000000   Number         0  anon$$obj.o ABSOLUTE
    __ARM_use_no_argv                        0x00000000   Number         0  main.o ABSOLUTE
    _printf_flags                            0x00000000   Number         0  printf_stubs.o ABSOLUTE
    _printf_return_value                     0x00000000   Number         0  printf_stubs.o ABSOLUTE
    _printf_sizespec                         0x00000000   Number         0  printf_stubs.o ABSOLUTE
    _printf_widthprec                        0x00000000   Number         0  printf_stubs.o ABSOLUTE
    __ARM_exceptions_init                     - Undefined Weak Reference
    __alloca_initialize                       - Undefined Weak Reference
    __alloca_longjmp                          - Undefined Weak Reference
    __alloca_setjmp                           - Undefined Weak Reference
    __arm_preinit_                            - Undefined Weak Reference
    __cpp_initialize__aeabi_                  - Undefined Weak Reference
    __cxa_finalize                            - Undefined Weak Reference
    __sigvec_lookup                           - Undefined Weak Reference
    __user_heap_extent                        - Undefined Weak Reference
    _atexit_init                              - Undefined Weak Reference
    _call_atexit_fns                          - Undefined Weak Reference
    _clock_init                               - Undefined Weak Reference
    _fp_trap_init                             - Undefined Weak Reference
    _fp_trap_shutdown                         - Undefined Weak Reference
    _get_lc_collate                           - Undefined Weak Reference
    _get_lc_monetary                          - Undefined Weak Reference
    _get_lc_numeric                           - Undefined Weak Reference
    _get_lc_time                              - Undefined Weak Reference
    _getenv_init                              - Undefined Weak Reference
    _handle_redirection                       - Undefined Weak Reference
    _mutex_acquire                            - Undefined Weak Reference
    _mutex_free                               - Undefined Weak Reference
    _mutex_release                            - Undefined Weak Reference
    _printf_mbtowc                            - Undefined Weak Reference
    _printf_post_padding                      - Undefined Weak Reference
    _printf_pre_padding                       - Undefined Weak Reference
    _rand_init                                - Undefined Weak Reference
    _signal_finish                            - Undefined Weak Reference
    _signal_init                              - Undefined Weak Reference
    __Vectors_Size                           0x00000188   Number         0  startup_stm32f407xx.o ABSOLUTE
    __Vectors                                0x08000000   Data           4  startup_stm32f407xx.o(RESET)
    __Vectors_End                            0x08000188   Data           0  startup_stm32f407xx.o(RESET)
    __main                                   0x08000189   Thumb Code     8  __main.o(!!!main)
    __scatterload                            0x08000191   Thumb Code     0  __scatter.o(!!!scatter)
    __scatterload_rt2                        0x08000191   Thumb Code    44  __scatter.o(!!!scatter)
    __scatterload_rt2_thumb_only             0x08000191   Thumb Code     0  __scatter.o(!!!scatter)
    __scatterload_null                       0x0800019f   Thumb Code     0  __scatter.o(!!!scatter)
    __scatterload_copy                       0x080001c5   Thumb Code    26  __scatter_copy.o(!!handler_copy)
    __scatterload_zeroinit                   0x080001e1   Thumb Code    28  __scatter_zi.o(!!handler_zi)
    __rt_lib_init                            0x080001fd   Thumb Code     0  libinit.o(.ARM.Collect$$libinit$$00000000)
    __rt_lib_init_fp_1                       0x080001ff   Thumb Code     0  libinit2.o(.ARM.Collect$$libinit$$00000001)
    __rt_lib_init_heap_2                     0x08000203   Thumb Code     0  libinit2.o(.ARM.Collect$$libinit$$00000005)
    __rt_lib_init_preinit_1                  0x08000203   Thumb Code     0  libinit2.o(.ARM.Collect$$libinit$$00000004)
    __rt_lib_init_heap_1                     0x0800020b   Thumb Code     0  libinit2.o(.ARM.Collect$$libinit$$0000000A)
    __rt_lib_init_lc_common                  0x0800020b   Thumb Code     0  libinit2.o(.ARM.Collect$$libinit$$0000000F)
    __rt_lib_init_rand_1                     0x0800020b   Thumb Code     0  libinit2.o(.ARM.Collect$$libinit$$0000000E)
    __rt_lib_init_user_alloc_1               0x0800020b   Thumb Code     0  libinit2.o(.ARM.Collect$$libinit$$0000000C)
    __rt_lib_init_lc_collate_1               0x08000211   Thumb Code     0  libinit2.o(.ARM.Collect$$libinit$$00000011)
    __rt_lib_init_lc_ctype_2                 0x08000211   Thumb Code     0  libinit2.o(.ARM.Collect$$libinit$$00000012)
    __rt_lib_init_atexit_1                   0x0800021d   Thumb Code     0  libinit2.o(.ARM.Collect$$libinit$$0000001B)
    __rt_lib_init_clock_1                    0x0800021d   Thumb Code     0  libinit2.o(.ARM.Collect$$libinit$$00000021)
    __rt_lib_init_fp_trap_1                  0x0800021d   Thumb Code     0  libinit2.o(.ARM.Collect$$libinit$$0000001F)
    __rt_lib_init_getenv_1                   0x0800021d   Thumb Code     0  libinit2.o(.ARM.Collect$$libinit$$00000023)
    __rt_lib_init_lc_ctype_1                 0x0800021d   Thumb Code     0  libinit2.o(.ARM.Collect$$libinit$$00000013)
    __rt_lib_init_lc_monetary_1              0x0800021d   Thumb Code     0  libinit2.o(.ARM.Collect$$libinit$$00000015)
    __rt_lib_init_lc_numeric_1               0x0800021d   Thumb Code     0  libinit2.o(.ARM.Collect$$libinit$$00000017)
    __rt_lib_init_lc_time_1                  0x0800021d   Thumb Code     0  libinit2.o(.ARM.Collect$$libinit$$00000019)
    __rt_lib_init_signal_1                   0x0800021d   Thumb Code     0  libinit2.o(.ARM.Collect$$libinit$$0000001D)
    __rt_lib_init_stdio_2                    0x0800021d   Thumb Code     0  libinit2.o(.ARM.Collect$$libinit$$00000024)
    __rt_lib_init_alloca_1                   0x08000221   Thumb Code     0  libinit2.o(.ARM.Collect$$libinit$$0000002E)
    __rt_lib_init_argv_1                     0x08000221   Thumb Code     0  libinit2.o(.ARM.Collect$$libinit$$0000002C)
    __rt_lib_init_cpp_1                      0x08000221   Thumb Code     0  libinit2.o(.ARM.Collect$$libinit$$00000032)
    __rt_lib_init_exceptions_1               0x08000221   Thumb Code     0  libinit2.o(.ARM.Collect$$libinit$$00000030)
    __rt_lib_init_return                     0x08000221   Thumb Code     0  libinit2.o(.ARM.Collect$$libinit$$00000033)
    __rt_lib_init_stdio_1                    0x08000221   Thumb Code     0  libinit2.o(.ARM.Collect$$libinit$$00000025)
    __rt_lib_shutdown                        0x08000223   Thumb Code     0  libshutdown.o(.ARM.Collect$$libshutdown$$00000000)
    __rt_lib_shutdown_stdio_2                0x08000225   Thumb Code     0  libshutdown2.o(.ARM.Collect$$libshutdown$$00000002)
    __rt_lib_shutdown_fp_trap_1              0x08000229   Thumb Code     0  libshutdown2.o(.ARM.Collect$$libshutdown$$00000006)
    __rt_lib_shutdown_heap_1                 0x08000229   Thumb Code     0  libshutdown2.o(.ARM.Collect$$libshutdown$$0000000E)
    __rt_lib_shutdown_return                 0x08000229   Thumb Code     0  libshutdown2.o(.ARM.Collect$$libshutdown$$0000000F)
    __rt_lib_shutdown_signal_1               0x08000229   Thumb Code     0  libshutdown2.o(.ARM.Collect$$libshutdown$$00000009)
    __rt_lib_shutdown_stdio_1                0x08000229   Thumb Code     0  libshutdown2.o(.ARM.Collect$$libshutdown$$00000003)
    __rt_lib_shutdown_user_alloc_1           0x08000229   Thumb Code     0  libshutdown2.o(.ARM.Collect$$libshutdown$$0000000B)
    __rt_entry                               0x0800022b   Thumb Code     0  __rtentry.o(.ARM.Collect$$rtentry$$00000000)
    __rt_entry_presh_1                       0x0800022b   Thumb Code     0  __rtentry2.o(.ARM.Collect$$rtentry$$00000002)
    __rt_entry_sh                            0x0800022b   Thumb Code     0  __rtentry4.o(.ARM.Collect$$rtentry$$00000004)
    __rt_entry_li                            0x08000231   Thumb Code     0  __rtentry2.o(.ARM.Collect$$rtentry$$0000000A)
    __rt_entry_postsh_1                      0x08000231   Thumb Code     0  __rtentry2.o(.ARM.Collect$$rtentry$$00000009)
    __rt_entry_main                          0x08000235   Thumb Code     0  __rtentry2.o(.ARM.Collect$$rtentry$$0000000D)
    __rt_entry_postli_1                      0x08000235   Thumb Code     0  __rtentry2.o(.ARM.Collect$$rtentry$$0000000C)
    __rt_exit                                0x0800023d   Thumb Code     0  rtexit.o(.ARM.Collect$$rtexit$$00000000)
    __rt_exit_ls                             0x0800023f   Thumb Code     0  rtexit2.o(.ARM.Collect$$rtexit$$00000003)
    __rt_exit_prels_1                        0x0800023f   Thumb Code     0  rtexit2.o(.ARM.Collect$$rtexit$$00000002)
    __rt_exit_exit                           0x08000243   Thumb Code     0  rtexit2.o(.ARM.Collect$$rtexit$$00000004)
    Reset_Handler                            0x08000249   Thumb Code     8  startup_stm32f407xx.o(.text)
    _maybe_terminate_alloc                   0x08000249   Thumb Code     0  maybetermalloc1.o(.emb_text)
    NMI_Handler                              0x08000251   Thumb Code     2  startup_stm32f407xx.o(.text)
    HardFault_Handler                        0x08000253   Thumb Code     2  startup_stm32f407xx.o(.text)
    MemManage_Handler                        0x08000255   Thumb Code     2  startup_stm32f407xx.o(.text)
    BusFault_Handler                         0x08000257   Thumb Code     2  startup_stm32f407xx.o(.text)
    UsageFault_Handler                       0x08000259   Thumb Code     2  startup_stm32f407xx.o(.text)
    SVC_Handler                              0x0800025b   Thumb Code     2  startup_stm32f407xx.o(.text)
    DebugMon_Handler                         0x0800025d   Thumb Code     2  startup_stm32f407xx.o(.text)
    PendSV_Handler                           0x0800025f   Thumb Code     2  startup_stm32f407xx.o(.text)
    SysTick_Handler                          0x08000261   Thumb Code     2  startup_stm32f407xx.o(.text)
    ADC_IRQHandler                           0x08000263   Thumb Code     0  startup_stm32f407xx.o(.text)
    CAN1_RX0_IRQHandler                      0x08000263   Thumb Code     0  startup_stm32f407xx.o(.text)
    CAN1_RX1_IRQHandler                      0x08000263   Thumb Code     0  startup_stm32f407xx.o(.text)
    CAN1_SCE_IRQHandler                      0x08000263   Thumb Code     0  startup_stm32f407xx.o(.text)
    CAN1_TX_IRQHandler                       0x08000263   Thumb Code     0  startup_stm32f407xx.o(.text)
    CAN2_RX0_IRQHandler                      0x08000263   Thumb Code     0  startup_stm32f407xx.o(.text)
    CAN2_RX1_IRQHandler                      0x08000263   Thumb Code     0  startup_stm32f407xx.o(.text)
    CAN2_SCE_IRQHandler                      0x08000263   Thumb Code     0  startup_stm32f407xx.o(.text)
    CAN2_TX_IRQHandler                       0x08000263   Thumb Code     0  startup_stm32f407xx.o(.text)
    DCMI_IRQHandler                          0x08000263   Thumb Code     0  startup_stm32f407xx.o(.text)
    DMA1_Stream0_IRQHandler                  0x08000263   Thumb Code     0  startup_stm32f407xx.o(.text)
    DMA1_Stream1_IRQHandler                  0x08000263   Thumb Code     0  startup_stm32f407xx.o(.text)
    DMA1_Stream2_IRQHandler                  0x08000263   Thumb Code     0  startup_stm32f407xx.o(.text)
    DMA1_Stream3_IRQHandler                  0x08000263   Thumb Code     0  startup_stm32f407xx.o(.text)
    DMA1_Stream4_IRQHandler                  0x08000263   Thumb Code     0  startup_stm32f407xx.o(.text)
    DMA1_Stream5_IRQHandler                  0x08000263   Thumb Code     0  startup_stm32f407xx.o(.text)
    DMA1_Stream6_IRQHandler                  0x08000263   Thumb Code     0  startup_stm32f407xx.o(.text)
    DMA1_Stream7_IRQHandler                  0x08000263   Thumb Code     0  startup_stm32f407xx.o(.text)
    DMA2_Stream0_IRQHandler                  0x08000263   Thumb Code     0  startup_stm32f407xx.o(.text)
    DMA2_Stream1_IRQHandler                  0x08000263   Thumb Code     0  startup_stm32f407xx.o(.text)
    DMA2_Stream2_IRQHandler                  0x08000263   Thumb Code     0  startup_stm32f407xx.o(.text)
    DMA2_Stream3_IRQHandler                  0x08000263   Thumb Code     0  startup_stm32f407xx.o(.text)
    DMA2_Stream4_IRQHandler                  0x08000263   Thumb Code     0  startup_stm32f407xx.o(.text)
    DMA2_Stream5_IRQHandler                  0x08000263   Thumb Code     0  startup_stm32f407xx.o(.text)
    DMA2_Stream6_IRQHandler                  0x08000263   Thumb Code     0  startup_stm32f407xx.o(.text)
    DMA2_Stream7_IRQHandler                  0x08000263   Thumb Code     0  startup_stm32f407xx.o(.text)
    ETH_IRQHandler                           0x08000263   Thumb Code     0  startup_stm32f407xx.o(.text)
    ETH_WKUP_IRQHandler                      0x08000263   Thumb Code     0  startup_stm32f407xx.o(.text)
    EXTI0_IRQHandler                         0x08000263   Thumb Code     0  startup_stm32f407xx.o(.text)
    EXTI15_10_IRQHandler                     0x08000263   Thumb Code     0  startup_stm32f407xx.o(.text)
    EXTI1_IRQHandler                         0x08000263   Thumb Code     0  startup_stm32f407xx.o(.text)
    EXTI2_IRQHandler                         0x08000263   Thumb Code     0  startup_stm32f407xx.o(.text)
    EXTI3_IRQHandler                         0x08000263   Thumb Code     0  startup_stm32f407xx.o(.text)
    EXTI4_IRQHandler                         0x08000263   Thumb Code     0  startup_stm32f407xx.o(.text)
    EXTI9_5_IRQHandler                       0x08000263   Thumb Code     0  startup_stm32f407xx.o(.text)
    FLASH_IRQHandler                         0x08000263   Thumb Code     0  startup_stm32f407xx.o(.text)
    FMC_IRQHandler                           0x08000263   Thumb Code     0  startup_stm32f407xx.o(.text)
    FPU_IRQHandler                           0x08000263   Thumb Code     0  startup_stm32f407xx.o(.text)
    HASH_RNG_IRQHandler                      0x08000263   Thumb Code     0  startup_stm32f407xx.o(.text)
    I2C1_ER_IRQHandler                       0x08000263   Thumb Code     0  startup_stm32f407xx.o(.text)
    I2C1_EV_IRQHandler                       0x08000263   Thumb Code     0  startup_stm32f407xx.o(.text)
    I2C2_ER_IRQHandler                       0x08000263   Thumb Code     0  startup_stm32f407xx.o(.text)
    I2C2_EV_IRQHandler                       0x08000263   Thumb Code     0  startup_stm32f407xx.o(.text)
    I2C3_ER_IRQHandler                       0x08000263   Thumb Code     0  startup_stm32f407xx.o(.text)
    I2C3_EV_IRQHandler                       0x08000263   Thumb Code     0  startup_stm32f407xx.o(.text)
    OTG_FS_IRQHandler                        0x08000263   Thumb Code     0  startup_stm32f407xx.o(.text)
    OTG_FS_WKUP_IRQHandler                   0x08000263   Thumb Code     0  startup_stm32f407xx.o(.text)
    OTG_HS_EP1_IN_IRQHandler                 0x08000263   Thumb Code     0  startup_stm32f407xx.o(.text)
    OTG_HS_EP1_OUT_IRQHandler                0x08000263   Thumb Code     0  startup_stm32f407xx.o(.text)
    OTG_HS_IRQHandler                        0x08000263   Thumb Code     0  startup_stm32f407xx.o(.text)
    OTG_HS_WKUP_IRQHandler                   0x08000263   Thumb Code     0  startup_stm32f407xx.o(.text)
    PVD_IRQHandler                           0x08000263   Thumb Code     0  startup_stm32f407xx.o(.text)
    RCC_IRQHandler                           0x08000263   Thumb Code     0  startup_stm32f407xx.o(.text)
    RTC_Alarm_IRQHandler                     0x08000263   Thumb Code     0  startup_stm32f407xx.o(.text)
    RTC_WKUP_IRQHandler                      0x08000263   Thumb Code     0  startup_stm32f407xx.o(.text)
    SDIO_IRQHandler                          0x08000263   Thumb Code     0  startup_stm32f407xx.o(.text)
    SPI1_IRQHandler                          0x08000263   Thumb Code     0  startup_stm32f407xx.o(.text)
    SPI2_IRQHandler                          0x08000263   Thumb Code     0  startup_stm32f407xx.o(.text)
    SPI3_IRQHandler                          0x08000263   Thumb Code     0  startup_stm32f407xx.o(.text)
    TAMP_STAMP_IRQHandler                    0x08000263   Thumb Code     0  startup_stm32f407xx.o(.text)
    TIM1_BRK_TIM9_IRQHandler                 0x08000263   Thumb Code     0  startup_stm32f407xx.o(.text)
    TIM1_CC_IRQHandler                       0x08000263   Thumb Code     0  startup_stm32f407xx.o(.text)
    TIM1_TRG_COM_TIM11_IRQHandler            0x08000263   Thumb Code     0  startup_stm32f407xx.o(.text)
    TIM1_UP_TIM10_IRQHandler                 0x08000263   Thumb Code     0  startup_stm32f407xx.o(.text)
    TIM2_IRQHandler                          0x08000263   Thumb Code     0  startup_stm32f407xx.o(.text)
    TIM3_IRQHandler                          0x08000263   Thumb Code     0  startup_stm32f407xx.o(.text)
    TIM4_IRQHandler                          0x08000263   Thumb Code     0  startup_stm32f407xx.o(.text)
    TIM5_IRQHandler                          0x08000263   Thumb Code     0  startup_stm32f407xx.o(.text)
    TIM6_DAC_IRQHandler                      0x08000263   Thumb Code     0  startup_stm32f407xx.o(.text)
    TIM7_IRQHandler                          0x08000263   Thumb Code     0  startup_stm32f407xx.o(.text)
    TIM8_BRK_TIM12_IRQHandler                0x08000263   Thumb Code     0  startup_stm32f407xx.o(.text)
    TIM8_CC_IRQHandler                       0x08000263   Thumb Code     0  startup_stm32f407xx.o(.text)
    TIM8_TRG_COM_TIM14_IRQHandler            0x08000263   Thumb Code     0  startup_stm32f407xx.o(.text)
    TIM8_UP_TIM13_IRQHandler                 0x08000263   Thumb Code     0  startup_stm32f407xx.o(.text)
    UART4_IRQHandler                         0x08000263   Thumb Code     0  startup_stm32f407xx.o(.text)
    UART5_IRQHandler                         0x08000263   Thumb Code     0  startup_stm32f407xx.o(.text)
    USART1_IRQHandler                        0x08000263   Thumb Code     0  startup_stm32f407xx.o(.text)
    USART2_IRQHandler                        0x08000263   Thumb Code     0  startup_stm32f407xx.o(.text)
    USART3_IRQHandler                        0x08000263   Thumb Code     0  startup_stm32f407xx.o(.text)
    USART6_IRQHandler                        0x08000263   Thumb Code     0  startup_stm32f407xx.o(.text)
    WWDG_IRQHandler                          0x08000263   Thumb Code     0  startup_stm32f407xx.o(.text)
    __user_initial_stackheap                 0x08000265   Thumb Code     0  startup_stm32f407xx.o(.text)
    malloc                                   0x08000289   Thumb Code    94  h1_alloc.o(.text)
    free                                     0x080002e7   Thumb Code    78  h1_free.o(.text)
    atoi                                     0x08000335   Thumb Code    26  atoi.o(.text)
    putc                                     0x0800034f   Thumb Code     4  putc.o(.text)
    putchar                                  0x08000355   Thumb Code     6  putchar.o(.text)
    strstr                                   0x08000361   Thumb Code    36  strstr.o(.text)
    strcmp                                   0x08000385   Thumb Code   128  strcmpv7m.o(.text)
    __use_two_region_memory                  0x08000405   Thumb Code     2  heapauxi.o(.text)
    __rt_heap_escrow                         0x08000407   Thumb Code     2  heapauxi.o(.text)
    __rt_heap_expand                         0x08000409   Thumb Code     2  heapauxi.o(.text)
    setjmp                                   0x0800040b   Thumb Code    42  setjmp.o(.text)
    longjmp                                  0x08000435   Thumb Code    56  setjmp.o(.text)
    __rt_heap_descriptor                     0x0800046d   Thumb Code     8  rt_heap_descriptor_intlibspace.o(.text)
    __aeabi_errno_addr                       0x08000475   Thumb Code     8  rt_errno_addr_intlibspace.o(.text)
    __errno$intlibspace                      0x08000475   Thumb Code     0  rt_errno_addr_intlibspace.o(.text)
    __rt_errno_addr$intlibspace              0x08000475   Thumb Code     0  rt_errno_addr_intlibspace.o(.text)
    __use_no_heap                            0x0800047d   Thumb Code     2  hguard.o(.text)
    __heap$guard                             0x0800047f   Thumb Code     2  hguard.o(.text)
    _terminate_user_alloc                    0x08000481   Thumb Code     2  init_alloc.o(.text)
    _init_user_alloc                         0x08000483   Thumb Code     2  init_alloc.o(.text)
    __Heap_Full                              0x08000485   Thumb Code    34  init_alloc.o(.text)
    __Heap_Broken                            0x080004a7   Thumb Code     6  init_alloc.o(.text)
    _init_alloc                              0x080004ad   Thumb Code    94  init_alloc.o(.text)
    __Heap_Initialize                        0x0800050b   Thumb Code    10  h1_init.o(.text)
    __Heap_DescSize                          0x08000515   Thumb Code     4  h1_init.o(.text)
    strtol                                   0x08000519   Thumb Code   112  strtol.o(.text)
    _initio                                  0x08000589   Thumb Code   210  initio.o(.text)
    _terminateio                             0x0800065b   Thumb Code    56  initio.o(.text)
    __aeabi_memclr4                          0x080006c1   Thumb Code     0  rt_memclr_w.o(.text)
    __aeabi_memclr8                          0x080006c1   Thumb Code     0  rt_memclr_w.o(.text)
    __rt_memclr_w                            0x080006c1   Thumb Code    78  rt_memclr_w.o(.text)
    _memset_w                                0x080006c5   Thumb Code     0  rt_memclr_w.o(.text)
    __user_libspace                          0x08000711   Thumb Code     8  libspace.o(.text)
    __user_perproc_libspace                  0x08000711   Thumb Code     0  libspace.o(.text)
    __user_perthread_libspace                0x08000711   Thumb Code     0  libspace.o(.text)
    __rt_ctype_table                         0x08000719   Thumb Code    16  rt_ctype_table.o(.text)
    __Heap_ProvideMemory                     0x08000729   Thumb Code    52  h1_extend.o(.text)
    _strtoul                                 0x0800075d   Thumb Code   158  _strtoul.o(.text)
    __flsbuf                                 0x080007fb   Thumb Code   470  flsbuf.o(.text)
    __flsbuf_byte                            0x080007fb   Thumb Code     0  flsbuf.o(.text)
    __flsbuf_wide                            0x080007fb   Thumb Code     0  flsbuf.o(.text)
    setvbuf                                  0x080009d1   Thumb Code    70  setvbuf.o(.text)
    freopen                                  0x08000a19   Thumb Code   158  fopen.o(.text)
    fopen                                    0x08000ab7   Thumb Code    74  fopen.o(.text)
    _fclose_internal                         0x08000b05   Thumb Code    76  fclose.o(.text)
    fclose                                   0x08000b05   Thumb Code     0  fclose.o(.text)
    __rt_SIGRTRED                            0x08000b51   Thumb Code    14  defsig_rtred_outer.o(.text)
    __rt_SIGRTMEM                            0x08000b5f   Thumb Code    14  defsig_rtmem_outer.o(.text)
    __I$use$semihosting                      0x08000b6d   Thumb Code     0  use_no_semi.o(.text)
    __use_no_semihosting_swi                 0x08000b6d   Thumb Code     2  use_no_semi.o(.text)
    __semihosting_library_function           0x08000b6f   Thumb Code     0  indicate_semi.o(.text)
    __user_setup_stackheap                   0x08000b6f   Thumb Code    74  sys_stackheap_outer.o(.text)
    __rt_locale                              0x08000bb9   Thumb Code     8  rt_locale_intlibspace.o(.text)
    _chval                                   0x08000bc1   Thumb Code    28  _chval.o(.text)
    _fseek                                   0x08000bdd   Thumb Code   242  fseek.o(.text)
    fseek                                    0x08000bdd   Thumb Code     0  fseek.o(.text)
    _seterr                                  0x08000cd5   Thumb Code    20  stdio.o(.text)
    _writebuf                                0x08000ce9   Thumb Code    84  stdio.o(.text)
    _fflush                                  0x08000d3d   Thumb Code    70  stdio.o(.text)
    _deferredlazyseek                        0x08000d83   Thumb Code    60  stdio.o(.text)
    exit                                     0x08000dc5   Thumb Code    12  exit.o(.text)
    __sig_exit                               0x08000dd1   Thumb Code    10  defsig_exit.o(.text)
    __rt_SIGRTRED_inner                      0x08000ddd   Thumb Code    14  defsig_rtred_inner.o(.text)
    __rt_SIGRTMEM_inner                      0x08000e11   Thumb Code    22  defsig_rtmem_inner.o(.text)
    _sys_exit                                0x08000e61   Thumb Code     8  sys_exit.o(.text)
    _ftell_internal                          0x08000e6d   Thumb Code    66  ftell.o(.text)
    ftell                                    0x08000e6d   Thumb Code     0  ftell.o(.text)
    __default_signal_display                 0x08000eaf   Thumb Code    50  defsig_general.o(.text)
    _ttywrch                                 0x08000ee1   Thumb Code    14  sys_wrch.o(.text)
    ITM_SendChar                             0x08000ef1   Thumb Code    42  retarget_io.o(i.ITM_SendChar)
    LedDriver_Create                         0x08000f7d   Thumb Code    22  leddriver.o(i.LedDriver_Create)
    LedDriver_IsOff                          0x08000f9d   Thumb Code    20  leddriver.o(i.LedDriver_IsOff)
    LedDriver_IsOn                           0x08000fb1   Thumb Code    38  leddriver.o(i.LedDriver_IsOn)
    LedDriver_TurnAllOff                     0x08000fdd   Thumb Code    14  leddriver.o(i.LedDriver_TurnAllOff)
    LedDriver_TurnAllOn                      0x08000ff1   Thumb Code    16  leddriver.o(i.LedDriver_TurnAllOn)
    LedDriver_TurnOff                        0x08001005   Thumb Code    28  leddriver.o(i.LedDriver_TurnOff)
    LedDriver_TurnOn                         0x08001021   Thumb Code    28  leddriver.o(i.LedDriver_TurnOn)
    RuntimeError                             0x08001045   Thumb Code    20  runtimeerrorstub.o(i.RuntimeError)
    RuntimeErrorStub_GetLastError            0x08001069   Thumb Code     6  runtimeerrorstub.o(i.RuntimeErrorStub_GetLastError)
    RuntimeErrorStub_GetLastParameter        0x08001075   Thumb Code     6  runtimeerrorstub.o(i.RuntimeErrorStub_GetLastParameter)
    SystemInit                               0x08001081   Thumb Code    82  system_stm32f4xx.o(i.SystemInit)
    TEST_LedDriver_AllOff_                   0x080010e5   Thumb Code    32  leddrivertest.o(i.TEST_LedDriver_AllOff_)
    TEST_LedDriver_AllOff_run                0x08001109   Thumb Code    34  leddrivertest.o(i.TEST_LedDriver_AllOff_run)
    TEST_LedDriver_AllOn_                    0x08001181   Thumb Code    28  leddrivertest.o(i.TEST_LedDriver_AllOn_)
    TEST_LedDriver_AllOn_run                 0x080011a1   Thumb Code    34  leddrivertest.o(i.TEST_LedDriver_AllOn_run)
    TEST_LedDriver_GROUP_RUNNER              0x08001219   Thumb Code     8  leddrivertestrunner.o(i.TEST_LedDriver_GROUP_RUNNER)
    TEST_LedDriver_GROUP_RUNNER_runAll       0x08001221   Thumb Code    72  leddrivertestrunner.o(i.TEST_LedDriver_GROUP_RUNNER_runAll)
    TEST_LedDriver_IsOff_                    0x08001269   Thumb Code    42  leddrivertest.o(i.TEST_LedDriver_IsOff_)
    TEST_LedDriver_IsOff_run                 0x080012cd   Thumb Code    34  leddrivertest.o(i.TEST_LedDriver_IsOff_run)
    TEST_LedDriver_IsOn_                     0x08001345   Thumb Code    42  leddrivertest.o(i.TEST_LedDriver_IsOn_)
    TEST_LedDriver_IsOn_run                  0x080013a9   Thumb Code    34  leddrivertest.o(i.TEST_LedDriver_IsOn_run)
    TEST_LedDriver_LedMemoryIsNotReadable_   0x08001421   Thumb Code    38  leddrivertest.o(i.TEST_LedDriver_LedMemoryIsNotReadable_)
    TEST_LedDriver_LedMemoryIsNotReadable_run 0x0800144d   Thumb Code    34  leddrivertest.o(i.TEST_LedDriver_LedMemoryIsNotReadable_run)
    TEST_LedDriver_LedsOffAfterCreate_       0x080014e5   Thumb Code    36  leddrivertest.o(i.TEST_LedDriver_LedsOffAfterCreate_)
    TEST_LedDriver_LedsOffAfterCreate_run    0x08001509   Thumb Code    34  leddrivertest.o(i.TEST_LedDriver_LedsOffAfterCreate_run)
    TEST_LedDriver_OutOfBoundsLedsAreAlwaysOff_ 0x08001599   Thumb Code    68  leddrivertest.o(i.TEST_LedDriver_OutOfBoundsLedsAreAlwaysOff_)
    TEST_LedDriver_OutOfBoundsLedsAreAlwaysOff_run 0x08001615   Thumb Code    34  leddrivertest.o(i.TEST_LedDriver_OutOfBoundsLedsAreAlwaysOff_run)
    TEST_LedDriver_OutOfBoundsProducesRuntimeError_ 0x080016b9   Thumb Code    52  leddrivertest.o(i.TEST_LedDriver_OutOfBoundsProducesRuntimeError_)
    TEST_LedDriver_OutOfBoundsProducesRuntimeError_run 0x0800170d   Thumb Code    34  leddrivertest.o(i.TEST_LedDriver_OutOfBoundsProducesRuntimeError_run)
    TEST_LedDriver_OutOfBoundsToDo_run       0x080017b9   Thumb Code    16  leddrivertest.o(i.TEST_LedDriver_OutOfBoundsToDo_run)
    TEST_LedDriver_OutOfBoundsTurnOffDoesNoHarm_ 0x08001805   Thumb Code    56  leddrivertest.o(i.TEST_LedDriver_OutOfBoundsTurnOffDoesNoHarm_)
    TEST_LedDriver_OutOfBoundsTurnOffDoesNoHarm_run 0x08001841   Thumb Code    34  leddrivertest.o(i.TEST_LedDriver_OutOfBoundsTurnOffDoesNoHarm_run)
    TEST_LedDriver_OutOfBoundsTurnOnDoesNoHarm_ 0x080018e9   Thumb Code    52  leddrivertest.o(i.TEST_LedDriver_OutOfBoundsTurnOnDoesNoHarm_)
    TEST_LedDriver_OutOfBoundsTurnOnDoesNoHarm_run 0x08001921   Thumb Code    34  leddrivertest.o(i.TEST_LedDriver_OutOfBoundsTurnOnDoesNoHarm_run)
    TEST_LedDriver_SETUP                     0x080019c5   Thumb Code    10  leddrivertest.o(i.TEST_LedDriver_SETUP)
    TEST_LedDriver_TEAR_DOWN                 0x080019d5   Thumb Code     2  leddrivertest.o(i.TEST_LedDriver_TEAR_DOWN)
    TEST_LedDriver_TurnOffAnyLed_            0x080019d9   Thumb Code    36  leddrivertest.o(i.TEST_LedDriver_TurnOffAnyLed_)
    TEST_LedDriver_TurnOffAnyLed_run         0x08001a01   Thumb Code    34  leddrivertest.o(i.TEST_LedDriver_TurnOffAnyLed_run)
    TEST_LedDriver_TurnOffLedOne_            0x08001a89   Thumb Code    36  leddrivertest.o(i.TEST_LedDriver_TurnOffLedOne_)
    TEST_LedDriver_TurnOffLedOne_run         0x08001ab1   Thumb Code    34  leddrivertest.o(i.TEST_LedDriver_TurnOffLedOne_run)
    TEST_LedDriver_TurnOffMultipleLeds_      0x08001b39   Thumb Code    42  leddrivertest.o(i.TEST_LedDriver_TurnOffMultipleLeds_)
    TEST_LedDriver_TurnOffMultipleLeds_run   0x08001b69   Thumb Code    34  leddrivertest.o(i.TEST_LedDriver_TurnOffMultipleLeds_run)
    TEST_LedDriver_TurnOnLedOne_             0x08001bfd   Thumb Code    30  leddrivertest.o(i.TEST_LedDriver_TurnOnLedOne_)
    TEST_LedDriver_TurnOnLedOne_run          0x08001c21   Thumb Code    34  leddrivertest.o(i.TEST_LedDriver_TurnOnLedOne_run)
    TEST_LedDriver_TurnOnMultipleLeds_       0x08001ca9   Thumb Code    38  leddrivertest.o(i.TEST_LedDriver_TurnOnMultipleLeds_)
    TEST_LedDriver_TurnOnMultipleLeds_run    0x08001cd5   Thumb Code    34  leddrivertest.o(i.TEST_LedDriver_TurnOnMultipleLeds_run)
    TEST_LedDriver_UpperAndLowerBounds_      0x08001d65   Thumb Code    36  leddrivertest.o(i.TEST_LedDriver_UpperAndLowerBounds_)
    TEST_LedDriver_UpperAndLowerBounds_run   0x08001d91   Thumb Code    34  leddrivertest.o(i.TEST_LedDriver_UpperAndLowerBounds_run)
    UnityAssertEqualNumber                   0x08001e91   Thumb Code    96  unity.o(i.UnityAssertEqualNumber)
    UnityAssertEqualString                   0x08001efd   Thumb Code   124  unity.o(i.UnityAssertEqualString)
    UnityBegin                               0x08001f7d   Thumb Code    28  unity.o(i.UnityBegin)
    UnityConcludeFixtureTest                 0x08001f9d   Thumb Code    90  unity_fixture.o(i.UnityConcludeFixtureTest)
    UnityEnd                                 0x0800200d   Thumb Code   104  unity.o(i.UnityEnd)
    UnityFail                                0x0800208d   Thumb Code   126  unity.o(i.UnityFail)
    UnityFailureCount                        0x08002121   Thumb Code     6  unity_fixture.o(i.UnityFailureCount)
    UnityGetCommandLineOptions               0x0800212d   Thumb Code   192  unity_fixture.o(i.UnityGetCommandLineOptions)
    UnityIgnoreTest                          0x08002201   Thumb Code    66  unity_fixture.o(i.UnityIgnoreTest)
    UnityMain                                0x08002251   Thumb Code    74  unity_fixture.o(i.UnityMain)
    UnityMalloc_EndTest                      0x080022a5   Thumb Code    26  unity_fixture.o(i.UnityMalloc_EndTest)
    UnityMalloc_StartTest                    0x080022dd   Thumb Code    14  unity_fixture.o(i.UnityMalloc_StartTest)
    UnityPointer_Init                        0x080022f5   Thumb Code     8  unity_fixture.o(i.UnityPointer_Init)
    UnityPointer_UndoAllSets                 0x08002301   Thumb Code    56  unity_fixture.o(i.UnityPointer_UndoAllSets)
    UnityPrint                               0x08002341   Thumb Code   106  unity.o(i.UnityPrint)
    UnityPrintFail                           0x08002415   Thumb Code    10  unity.o(i.UnityPrintFail)
    UnityPrintNumber                         0x08002425   Thumb Code   116  unity.o(i.UnityPrintNumber)
    UnityPrintNumberByStyle                  0x0800249d   Thumb Code    64  unity.o(i.UnityPrintNumberByStyle)
    UnityPrintNumberHex                      0x080024e1   Thumb Code    82  unity.o(i.UnityPrintNumberHex)
    UnityPrintNumberUnsigned                 0x08002539   Thumb Code    78  unity.o(i.UnityPrintNumberUnsigned)
    UnityPrintOk                             0x0800258d   Thumb Code    10  unity.o(i.UnityPrintOk)
    UnityTestRunner                          0x08002605   Thumb Code   160  unity_fixture.o(i.UnityTestRunner)
    _sys_close                               0x080026b1   Thumb Code    38  retarget_io.o(i._sys_close)
    _sys_flen                                0x080026d7   Thumb Code    36  retarget_io.o(i._sys_flen)
    _sys_istty                               0x080026fb   Thumb Code    36  retarget_io.o(i._sys_istty)
    _sys_open                                0x08002721   Thumb Code    80  retarget_io.o(i._sys_open)
    _sys_seek                                0x08002789   Thumb Code    44  retarget_io.o(i._sys_seek)
    _sys_write                               0x080027b5   Thumb Code    70  retarget_io.o(i._sys_write)
    fputc                                    0x0800286d   Thumb Code    26  fputc.o(i.fputc)
    main                                     0x0800289d   Thumb Code    14  main.o(i.main)
    _get_lc_ctype                            0x08002925   Thumb Code    44  lc_ctype_c.o(locale$$code)
    _fp_init                                 0x08002951   Thumb Code    10  fpinit.o(x$fpl$fpinit)
    __fplib_config_fpu_vfp                   0x08002959   Thumb Code     0  fpinit.o(x$fpl$fpinit)
    __fplib_config_pureend_doubles           0x08002959   Thumb Code     0  fpinit.o(x$fpl$fpinit)
    UnityStrOk                               0x0800295c   Data           3  unity.o(.constdata)
    UnityStrPass                             0x0800295f   Data           5  unity.o(.constdata)
    UnityStrFail                             0x08002964   Data           5  unity.o(.constdata)
    UnityStrIgnore                           0x08002969   Data           7  unity.o(.constdata)
    UnityStrNull                             0x08002970   Data           5  unity.o(.constdata)
    UnityStrSpacer                           0x08002975   Data           3  unity.o(.constdata)
    UnityStrExpected                         0x08002978   Data          11  unity.o(.constdata)
    UnityStrWas                              0x08002983   Data           6  unity.o(.constdata)
    UnityStrTo                               0x08002989   Data           5  unity.o(.constdata)
    UnityStrElement                          0x0800298e   Data          10  unity.o(.constdata)
    UnityStrByte                             0x08002998   Data           7  unity.o(.constdata)
    UnityStrMemory                           0x0800299f   Data          18  unity.o(.constdata)
    UnityStrDelta                            0x080029b1   Data          26  unity.o(.constdata)
    UnityStrPointless                        0x080029cb   Data          55  unity.o(.constdata)
    UnityStrNullPointerForExpected           0x08002a02   Data          29  unity.o(.constdata)
    UnityStrNullPointerForActual             0x08002a1f   Data          25  unity.o(.constdata)
    UnityStrNot                              0x08002a38   Data           5  unity.o(.constdata)
    UnityStrInf                              0x08002a3d   Data           9  unity.o(.constdata)
    UnityStrNegInf                           0x08002a46   Data          18  unity.o(.constdata)
    UnityStrNaN                              0x08002a58   Data           4  unity.o(.constdata)
    UnityStrDet                              0x08002a5c   Data          12  unity.o(.constdata)
    UnityStrErrFloat                         0x08002a68   Data          30  unity.o(.constdata)
    UnityStrErrDouble                        0x08002a86   Data          32  unity.o(.constdata)
    UnityStrErr64                            0x08002aa6   Data          30  unity.o(.constdata)
    UnityStrBreaker                          0x08002ac4   Data          24  unity.o(.constdata)
    UnityStrResultsTests                     0x08002adc   Data           8  unity.o(.constdata)
    UnityStrResultsFailures                  0x08002ae4   Data          11  unity.o(.constdata)
    UnityStrResultsIgnored                   0x08002aef   Data          10  unity.o(.constdata)
    UnityStrDetail1Name                      0x08002af9   Data          10  unity.o(.constdata)
    UnityStrDetail2Name                      0x08002b03   Data          11  unity.o(.constdata)
    UnitySizeMask                            0x08002b10   Data          28  unity.o(.constdata)
    __stdin_name                             0x08002b3c   Data           7  retarget_io.o(.constdata)
    __stdout_name                            0x08002b43   Data           8  retarget_io.o(.constdata)
    __stderr_name                            0x08002b4b   Data           8  retarget_io.o(.constdata)
    Region$$Table$$Base                      0x08002b70   Number         0  anon$$obj.o(Region$$Table)
    Region$$Table$$Limit                     0x08002b90   Number         0  anon$$obj.o(Region$$Table)
    __ctype                                  0x08002b9d   Data           0  lc_ctype_c.o(locale$$data)
    argc                                     0x20000000   Data           4  main.o(.data)
    outputChar                               0x20000004   Data           4  unity_fixture.o(.data)
    verbose                                  0x20000008   Data           4  unity_fixture.o(.data)
    __aeabi_stdin                            0x2000003c   Data           4  stdio_streams.o(.data)
    __aeabi_stdout                           0x20000040   Data           4  stdio_streams.o(.data)
    __aeabi_stderr                           0x20000044   Data           4  stdio_streams.o(.data)
    argv                                     0x20000048   Data          40  main.o(.bss)
    UnityFixture                             0x20000070   Data          16  unity_fixture.o(.bss)
    Unity                                    0x200002e8   Data         424  unity.o(.bss)
    __stdin                                  0x20000490   Data          84  stdio_streams.o(.bss)
    __stdout                                 0x200004e4   Data          84  stdio_streams.o(.bss)
    __stderr                                 0x20000538   Data          84  stdio_streams.o(.bss)
    __libspace_start                         0x2000058c   Data          96  libspace.o(.bss)
    __temporary_stack_top$libspace           0x200005ec   Data           0  libspace.o(.bss)



==============================================================================

Memory Map of the image

  Image Entry point : 0x08000189

  Load Region LR_IROM1 (Base: 0x08000000, Size: 0x00002ce8, Max: 0x00100000, ABSOLUTE)

    Execution Region ER_IROM1 (Base: 0x08000000, Size: 0x00002ca0, Max: 0x00100000, ABSOLUTE)

    Base Addr    Size         Type   Attr      Idx    E Section Name        Object

    0x08000000   0x00000188   Data   RO         1056    RESET               startup_stm32f407xx.o
    0x08000188   0x00000008   Code   RO         1218  * !!!main             c_w.l(__main.o)
    0x08000190   0x00000034   Code   RO         1503    !!!scatter          c_w.l(__scatter.o)
    0x080001c4   0x0000001a   Code   RO         1505    !!handler_copy      c_w.l(__scatter_copy.o)
    0x080001de   0x00000002   PAD
    0x080001e0   0x0000001c   Code   RO         1507    !!handler_zi        c_w.l(__scatter_zi.o)
    0x080001fc   0x00000002   Code   RO         1450    .ARM.Collect$$libinit$$00000000  c_w.l(libinit.o)
    0x080001fe   0x00000004   Code   RO         1280    .ARM.Collect$$libinit$$00000001  c_w.l(libinit2.o)
    0x08000202   0x00000000   Code   RO         1283    .ARM.Collect$$libinit$$00000004  c_w.l(libinit2.o)
    0x08000202   0x00000008   Code   RO         1284    .ARM.Collect$$libinit$$00000005  c_w.l(libinit2.o)
    0x0800020a   0x00000000   Code   RO         1286    .ARM.Collect$$libinit$$0000000A  c_w.l(libinit2.o)
    0x0800020a   0x00000000   Code   RO         1288    .ARM.Collect$$libinit$$0000000C  c_w.l(libinit2.o)
    0x0800020a   0x00000000   Code   RO         1290    .ARM.Collect$$libinit$$0000000E  c_w.l(libinit2.o)
    0x0800020a   0x00000006   Code   RO         1291    .ARM.Collect$$libinit$$0000000F  c_w.l(libinit2.o)
    0x08000210   0x00000000   Code   RO         1293    .ARM.Collect$$libinit$$00000011  c_w.l(libinit2.o)
    0x08000210   0x0000000c   Code   RO         1294    .ARM.Collect$$libinit$$00000012  c_w.l(libinit2.o)
    0x0800021c   0x00000000   Code   RO         1295    .ARM.Collect$$libinit$$00000013  c_w.l(libinit2.o)
    0x0800021c   0x00000000   Code   RO         1297    .ARM.Collect$$libinit$$00000015  c_w.l(libinit2.o)
    0x0800021c   0x00000000   Code   RO         1299    .ARM.Collect$$libinit$$00000017  c_w.l(libinit2.o)
    0x0800021c   0x00000000   Code   RO         1301    .ARM.Collect$$libinit$$00000019  c_w.l(libinit2.o)
    0x0800021c   0x00000000   Code   RO         1303    .ARM.Collect$$libinit$$0000001B  c_w.l(libinit2.o)
    0x0800021c   0x00000000   Code   RO         1305    .ARM.Collect$$libinit$$0000001D  c_w.l(libinit2.o)
    0x0800021c   0x00000000   Code   RO         1307    .ARM.Collect$$libinit$$0000001F  c_w.l(libinit2.o)
    0x0800021c   0x00000000   Code   RO         1309    .ARM.Collect$$libinit$$00000021  c_w.l(libinit2.o)
    0x0800021c   0x00000000   Code   RO         1311    .ARM.Collect$$libinit$$00000023  c_w.l(libinit2.o)
    0x0800021c   0x00000004   Code   RO         1312    .ARM.Collect$$libinit$$00000024  c_w.l(libinit2.o)
    0x08000220   0x00000000   Code   RO         1313    .ARM.Collect$$libinit$$00000025  c_w.l(libinit2.o)
    0x08000220   0x00000000   Code   RO         1317    .ARM.Collect$$libinit$$0000002C  c_w.l(libinit2.o)
    0x08000220   0x00000000   Code   RO         1319    .ARM.Collect$$libinit$$0000002E  c_w.l(libinit2.o)
    0x08000220   0x00000000   Code   RO         1321    .ARM.Collect$$libinit$$00000030  c_w.l(libinit2.o)
    0x08000220   0x00000000   Code   RO         1323    .ARM.Collect$$libinit$$00000032  c_w.l(libinit2.o)
    0x08000220   0x00000002   Code   RO         1324    .ARM.Collect$$libinit$$00000033  c_w.l(libinit2.o)
    0x08000222   0x00000002   Code   RO         1500    .ARM.Collect$$libshutdown$$00000000  c_w.l(libshutdown.o)
    0x08000224   0x00000004   Code   RO         1386    .ARM.Collect$$libshutdown$$00000002  c_w.l(libshutdown2.o)
    0x08000228   0x00000000   Code   RO         1387    .ARM.Collect$$libshutdown$$00000003  c_w.l(libshutdown2.o)
    0x08000228   0x00000000   Code   RO         1390    .ARM.Collect$$libshutdown$$00000006  c_w.l(libshutdown2.o)
    0x08000228   0x00000000   Code   RO         1393    .ARM.Collect$$libshutdown$$00000009  c_w.l(libshutdown2.o)
    0x08000228   0x00000000   Code   RO         1395    .ARM.Collect$$libshutdown$$0000000B  c_w.l(libshutdown2.o)
    0x08000228   0x00000000   Code   RO         1398    .ARM.Collect$$libshutdown$$0000000E  c_w.l(libshutdown2.o)
    0x08000228   0x00000002   Code   RO         1399    .ARM.Collect$$libshutdown$$0000000F  c_w.l(libshutdown2.o)
    0x0800022a   0x00000000   Code   RO         1224    .ARM.Collect$$rtentry$$00000000  c_w.l(__rtentry.o)
    0x0800022a   0x00000000   Code   RO         1331    .ARM.Collect$$rtentry$$00000002  c_w.l(__rtentry2.o)
    0x0800022a   0x00000006   Code   RO         1343    .ARM.Collect$$rtentry$$00000004  c_w.l(__rtentry4.o)
    0x08000230   0x00000000   Code   RO         1333    .ARM.Collect$$rtentry$$00000009  c_w.l(__rtentry2.o)
    0x08000230   0x00000004   Code   RO         1334    .ARM.Collect$$rtentry$$0000000A  c_w.l(__rtentry2.o)
    0x08000234   0x00000000   Code   RO         1336    .ARM.Collect$$rtentry$$0000000C  c_w.l(__rtentry2.o)
    0x08000234   0x00000008   Code   RO         1337    .ARM.Collect$$rtentry$$0000000D  c_w.l(__rtentry2.o)
    0x0800023c   0x00000002   Code   RO         1453    .ARM.Collect$$rtexit$$00000000  c_w.l(rtexit.o)
    0x0800023e   0x00000000   Code   RO         1476    .ARM.Collect$$rtexit$$00000002  c_w.l(rtexit2.o)
    0x0800023e   0x00000004   Code   RO         1477    .ARM.Collect$$rtexit$$00000003  c_w.l(rtexit2.o)
    0x08000242   0x00000006   Code   RO         1478    .ARM.Collect$$rtexit$$00000004  c_w.l(rtexit2.o)
    0x08000248   0x00000000   Code   RO         1349    .emb_text           c_w.l(maybetermalloc1.o)
    0x08000248   0x00000040   Code   RO         1057    .text               startup_stm32f407xx.o
    0x08000288   0x0000005e   Code   RO         1104    .text               c_w.l(h1_alloc.o)
    0x080002e6   0x0000004e   Code   RO         1106    .text               c_w.l(h1_free.o)
    0x08000334   0x0000001a   Code   RO         1192    .text               c_w.l(atoi.o)
    0x0800034e   0x00000004   Code   RO         1194    .text               c_w.l(putc.o)
    0x08000352   0x00000002   PAD
    0x08000354   0x0000000c   Code   RO         1196    .text               c_w.l(putchar.o)
    0x08000360   0x00000024   Code   RO         1204    .text               c_w.l(strstr.o)
    0x08000384   0x00000080   Code   RO         1214    .text               c_w.l(strcmpv7m.o)
    0x08000404   0x00000006   Code   RO         1216    .text               c_w.l(heapauxi.o)
    0x0800040a   0x00000062   Code   RO         1220    .text               fz_wm.l(setjmp.o)
    0x0800046c   0x00000008   Code   RO         1228    .text               c_w.l(rt_heap_descriptor_intlibspace.o)
    0x08000474   0x00000008   Code   RO         1233    .text               c_w.l(rt_errno_addr_intlibspace.o)
    0x0800047c   0x00000004   Code   RO         1235    .text               c_w.l(hguard.o)
    0x08000480   0x0000008a   Code   RO         1237    .text               c_w.l(init_alloc.o)
    0x0800050a   0x0000000e   Code   RO         1241    .text               c_w.l(h1_init.o)
    0x08000518   0x00000070   Code   RO         1262    .text               c_w.l(strtol.o)
    0x08000588   0x00000138   Code   RO         1268    .text               c_w.l(initio.o)
    0x080006c0   0x0000004e   Code   RO         1276    .text               c_w.l(rt_memclr_w.o)
    0x0800070e   0x00000002   PAD
    0x08000710   0x00000008   Code   RO         1327    .text               c_w.l(libspace.o)
    0x08000718   0x00000010   Code   RO         1345    .text               c_w.l(rt_ctype_table.o)
    0x08000728   0x00000034   Code   RO         1351    .text               c_w.l(h1_extend.o)
    0x0800075c   0x0000009e   Code   RO         1357    .text               c_w.l(_strtoul.o)
    0x080007fa   0x000001d6   Code   RO         1359    .text               c_w.l(flsbuf.o)
    0x080009d0   0x00000046   Code   RO         1361    .text               c_w.l(setvbuf.o)
    0x08000a16   0x00000002   PAD
    0x08000a18   0x000000ec   Code   RO         1364    .text               c_w.l(fopen.o)
    0x08000b04   0x0000004c   Code   RO         1366    .text               c_w.l(fclose.o)
    0x08000b50   0x0000000e   Code   RO         1372    .text               c_w.l(defsig_rtred_outer.o)
    0x08000b5e   0x0000000e   Code   RO         1376    .text               c_w.l(defsig_rtmem_outer.o)
    0x08000b6c   0x00000002   Code   RO         1404    .text               c_w.l(use_no_semi.o)
    0x08000b6e   0x00000000   Code   RO         1406    .text               c_w.l(indicate_semi.o)
    0x08000b6e   0x0000004a   Code   RO         1407    .text               c_w.l(sys_stackheap_outer.o)
    0x08000bb8   0x00000008   Code   RO         1414    .text               c_w.l(rt_locale_intlibspace.o)
    0x08000bc0   0x0000001c   Code   RO         1418    .text               c_w.l(_chval.o)
    0x08000bdc   0x000000f8   Code   RO         1420    .text               c_w.l(fseek.o)
    0x08000cd4   0x000000f0   Code   RO         1422    .text               c_w.l(stdio.o)
    0x08000dc4   0x0000000c   Code   RO         1431    .text               c_w.l(exit.o)
    0x08000dd0   0x0000000a   Code   RO         1433    .text               c_w.l(defsig_exit.o)
    0x08000dda   0x00000002   PAD
    0x08000ddc   0x00000034   Code   RO         1435    .text               c_w.l(defsig_rtred_inner.o)
    0x08000e10   0x00000050   Code   RO         1437    .text               c_w.l(defsig_rtmem_inner.o)
    0x08000e60   0x0000000c   Code   RO         1451    .text               c_w.l(sys_exit.o)
    0x08000e6c   0x00000042   Code   RO         1463    .text               c_w.l(ftell.o)
    0x08000eae   0x00000032   Code   RO         1471    .text               c_w.l(defsig_general.o)
    0x08000ee0   0x0000000e   Code   RO         1473    .text               c_w.l(sys_wrch.o)
    0x08000eee   0x00000002   PAD
    0x08000ef0   0x00000030   Code   RO          974    i.ITM_SendChar      retarget_io.o
    0x08000f20   0x0000005c   Code   RO          892    i.IsLedOutOfBounds  leddriver.o
    0x08000f7c   0x00000020   Code   RO          893    i.LedDriver_Create  leddriver.o
    0x08000f9c   0x00000014   Code   RO          895    i.LedDriver_IsOff   leddriver.o
    0x08000fb0   0x0000002c   Code   RO          896    i.LedDriver_IsOn    leddriver.o
    0x08000fdc   0x00000014   Code   RO          897    i.LedDriver_TurnAllOff  leddriver.o
    0x08000ff0   0x00000014   Code   RO          898    i.LedDriver_TurnAllOn  leddriver.o
    0x08001004   0x0000001c   Code   RO          899    i.LedDriver_TurnOff  leddriver.o
    0x08001020   0x0000001c   Code   RO          900    i.LedDriver_TurnOn  leddriver.o
    0x0800103c   0x00000008   Code   RO           55    i.RunAllTests       main.o
    0x08001044   0x00000024   Code   RO          527    i.RuntimeError      runtimeerrorstub.o
    0x08001068   0x0000000c   Code   RO          528    i.RuntimeErrorStub_GetLastError  runtimeerrorstub.o
    0x08001074   0x0000000c   Code   RO          529    i.RuntimeErrorStub_GetLastParameter  runtimeerrorstub.o
    0x08001080   0x00000064   Code   RO         1065    i.SystemInit        system_stm32f4xx.o
    0x080010e4   0x00000024   Code   RO          643    i.TEST_LedDriver_AllOff_  leddrivertest.o
    0x08001108   0x00000078   Code   RO          644    i.TEST_LedDriver_AllOff_run  leddrivertest.o
    0x08001180   0x00000020   Code   RO          645    i.TEST_LedDriver_AllOn_  leddrivertest.o
    0x080011a0   0x00000078   Code   RO          646    i.TEST_LedDriver_AllOn_run  leddrivertest.o
    0x08001218   0x00000008   Code   RO          874    i.TEST_LedDriver_GROUP_RUNNER  leddrivertestrunner.o
    0x08001220   0x00000048   Code   RO          875    i.TEST_LedDriver_GROUP_RUNNER_runAll  leddrivertestrunner.o
    0x08001268   0x00000064   Code   RO          647    i.TEST_LedDriver_IsOff_  leddrivertest.o
    0x080012cc   0x00000078   Code   RO          648    i.TEST_LedDriver_IsOff_run  leddrivertest.o
    0x08001344   0x00000064   Code   RO          649    i.TEST_LedDriver_IsOn_  leddrivertest.o
    0x080013a8   0x00000078   Code   RO          650    i.TEST_LedDriver_IsOn_run  leddrivertest.o
    0x08001420   0x0000002c   Code   RO          651    i.TEST_LedDriver_LedMemoryIsNotReadable_  leddrivertest.o
    0x0800144c   0x00000098   Code   RO          652    i.TEST_LedDriver_LedMemoryIsNotReadable_run  leddrivertest.o
    0x080014e4   0x00000024   Code   RO          653    i.TEST_LedDriver_LedsOffAfterCreate_  leddrivertest.o
    0x08001508   0x00000090   Code   RO          654    i.TEST_LedDriver_LedsOffAfterCreate_run  leddrivertest.o
    0x08001598   0x0000007c   Code   RO          655    i.TEST_LedDriver_OutOfBoundsLedsAreAlwaysOff_  leddrivertest.o
    0x08001614   0x000000a4   Code   RO          656    i.TEST_LedDriver_OutOfBoundsLedsAreAlwaysOff_run  leddrivertest.o
    0x080016b8   0x00000054   Code   RO          657    i.TEST_LedDriver_OutOfBoundsProducesRuntimeError_  leddrivertest.o
    0x0800170c   0x000000ac   Code   RO          658    i.TEST_LedDriver_OutOfBoundsProducesRuntimeError_run  leddrivertest.o
    0x080017b8   0x0000004c   Code   RO          660    i.TEST_LedDriver_OutOfBoundsToDo_run  leddrivertest.o
    0x08001804   0x0000003c   Code   RO          661    i.TEST_LedDriver_OutOfBoundsTurnOffDoesNoHarm_  leddrivertest.o
    0x08001840   0x000000a8   Code   RO          662    i.TEST_LedDriver_OutOfBoundsTurnOffDoesNoHarm_run  leddrivertest.o
    0x080018e8   0x00000038   Code   RO          663    i.TEST_LedDriver_OutOfBoundsTurnOnDoesNoHarm_  leddrivertest.o
    0x08001920   0x000000a4   Code   RO          664    i.TEST_LedDriver_OutOfBoundsTurnOnDoesNoHarm_run  leddrivertest.o
    0x080019c4   0x00000010   Code   RO          665    i.TEST_LedDriver_SETUP  leddrivertest.o
    0x080019d4   0x00000002   Code   RO          666    i.TEST_LedDriver_TEAR_DOWN  leddrivertest.o
    0x080019d6   0x00000002   PAD
    0x080019d8   0x00000028   Code   RO          667    i.TEST_LedDriver_TurnOffAnyLed_  leddrivertest.o
    0x08001a00   0x00000088   Code   RO          668    i.TEST_LedDriver_TurnOffAnyLed_run  leddrivertest.o
    0x08001a88   0x00000028   Code   RO          669    i.TEST_LedDriver_TurnOffLedOne_  leddrivertest.o
    0x08001ab0   0x00000088   Code   RO          670    i.TEST_LedDriver_TurnOffLedOne_run  leddrivertest.o
    0x08001b38   0x00000030   Code   RO          671    i.TEST_LedDriver_TurnOffMultipleLeds_  leddrivertest.o
    0x08001b68   0x00000094   Code   RO          672    i.TEST_LedDriver_TurnOffMultipleLeds_run  leddrivertest.o
    0x08001bfc   0x00000024   Code   RO          673    i.TEST_LedDriver_TurnOnLedOne_  leddrivertest.o
    0x08001c20   0x00000088   Code   RO          674    i.TEST_LedDriver_TurnOnLedOne_run  leddrivertest.o
    0x08001ca8   0x0000002c   Code   RO          675    i.TEST_LedDriver_TurnOnMultipleLeds_  leddrivertest.o
    0x08001cd4   0x00000090   Code   RO          676    i.TEST_LedDriver_TurnOnMultipleLeds_run  leddrivertest.o
    0x08001d64   0x0000002c   Code   RO          677    i.TEST_LedDriver_UpperAndLowerBounds_  leddrivertest.o
    0x08001d90   0x00000094   Code   RO          678    i.TEST_LedDriver_UpperAndLowerBounds_run  leddrivertest.o
    0x08001e24   0x00000018   Code   RO           56    i.TestMain          main.o
    0x08001e3c   0x00000054   Code   RO          305    i.UnityAddMsgIfSpecified  unity.o
    0x08001e90   0x0000006c   Code   RO          310    i.UnityAssertEqualNumber  unity.o
    0x08001efc   0x00000080   Code   RO          311    i.UnityAssertEqualString  unity.o
    0x08001f7c   0x00000020   Code   RO          317    i.UnityBegin        unity.o
    0x08001f9c   0x00000070   Code   RO          117    i.UnityConcludeFixtureTest  unity_fixture.o
    0x0800200c   0x00000080   Code   RO          321    i.UnityEnd          unity.o
    0x0800208c   0x00000094   Code   RO          322    i.UnityFail         unity.o
    0x08002120   0x0000000c   Code   RO          118    i.UnityFailureCount  unity_fixture.o
    0x0800212c   0x000000d4   Code   RO          119    i.UnityGetCommandLineOptions  unity_fixture.o
    0x08002200   0x00000050   Code   RO          121    i.UnityIgnoreTest   unity_fixture.o
    0x08002250   0x00000054   Code   RO          122    i.UnityMain         unity_fixture.o
    0x080022a4   0x00000038   Code   RO          123    i.UnityMalloc_EndTest  unity_fixture.o
    0x080022dc   0x00000018   Code   RO          125    i.UnityMalloc_StartTest  unity_fixture.o
    0x080022f4   0x0000000c   Code   RO          126    i.UnityPointer_Init  unity_fixture.o
    0x08002300   0x00000040   Code   RO          128    i.UnityPointer_UndoAllSets  unity_fixture.o
    0x08002340   0x00000070   Code   RO          324    i.UnityPrint        unity.o
    0x080023b0   0x00000064   Code   RO          325    i.UnityPrintExpectedAndActualStrings  unity.o
    0x08002414   0x00000010   Code   RO          327    i.UnityPrintFail    unity.o
    0x08002424   0x00000078   Code   RO          330    i.UnityPrintNumber  unity.o
    0x0800249c   0x00000044   Code   RO          331    i.UnityPrintNumberByStyle  unity.o
    0x080024e0   0x00000058   Code   RO          332    i.UnityPrintNumberHex  unity.o
    0x08002538   0x00000054   Code   RO          333    i.UnityPrintNumberUnsigned  unity.o
    0x0800258c   0x00000010   Code   RO          334    i.UnityPrintOk      unity.o
    0x0800259c   0x0000003c   Code   RO          335    i.UnityTestResultsBegin  unity.o
    0x080025d8   0x0000002c   Code   RO          336    i.UnityTestResultsFailBegin  unity.o
    0x08002604   0x000000ac   Code   RO          129    i.UnityTestRunner   unity_fixture.o
    0x080026b0   0x00000026   Code   RO          975    i._sys_close        retarget_io.o
    0x080026d6   0x00000024   Code   RO          976    i._sys_flen         retarget_io.o
    0x080026fa   0x00000024   Code   RO          977    i._sys_istty        retarget_io.o
    0x0800271e   0x00000002   PAD
    0x08002720   0x00000068   Code   RO          978    i._sys_open         retarget_io.o
    0x08002788   0x0000002c   Code   RO          980    i._sys_seek         retarget_io.o
    0x080027b4   0x00000046   Code   RO          981    i._sys_write        retarget_io.o
    0x080027fa   0x00000002   PAD
    0x080027fc   0x00000048   Code   RO          131    i.announceTestRun   unity_fixture.o
    0x08002844   0x0000001c   Code   RO          901    i.clearLedImageBit  leddriver.o
    0x08002860   0x0000000c   Code   RO          902    i.convertLedNumberToBit  leddriver.o
    0x0800286c   0x0000001a   Code   RO         1265    i.fputc             c_w.l(fputc.o)
    0x08002886   0x00000002   PAD
    0x08002888   0x00000014   Code   RO          132    i.groupSelected     unity_fixture.o
    0x0800289c   0x00000018   Code   RO           57    i.main              main.o
    0x080028b4   0x00000002   Code   RO          135    i.runTestCase       unity_fixture.o
    0x080028b6   0x0000001e   Code   RO          136    i.selected          unity_fixture.o
    0x080028d4   0x0000001c   Code   RO          903    i.setLedImageBit    leddriver.o
    0x080028f0   0x0000000c   Code   RO          982    i.stdout_putchar    retarget_io.o
    0x080028fc   0x00000014   Code   RO          139    i.testSelected      unity_fixture.o
    0x08002910   0x00000014   Code   RO          904    i.updateHardware    leddriver.o
    0x08002924   0x0000002c   Code   RO         1429    locale$$code        c_w.l(lc_ctype_c.o)
    0x08002950   0x0000000a   Code   RO         1402    x$fpl$fpinit        fz_wm.l(fpinit.o)
    0x0800295a   0x00000002   PAD
    0x0800295c   0x000001e0   Data   RO          338    .constdata          unity.o
    0x08002b3c   0x00000017   Data   RO          983    .constdata          retarget_io.o
    0x08002b53   0x00000001   PAD
    0x08002b54   0x00000004   Data   RO          145    .conststring        unity_fixture.o
    0x08002b58   0x00000009   Data   RO          531    .conststring        runtimeerrorstub.o
    0x08002b61   0x00000003   PAD
    0x08002b64   0x0000000a   Data   RO          679    .conststring        leddrivertest.o
    0x08002b6e   0x00000002   PAD
    0x08002b70   0x00000020   Data   RO         1501    Region$$Table       anon$$obj.o
    0x08002b90   0x00000110   Data   RO         1428    locale$$data        c_w.l(lc_ctype_c.o)


    Execution Region RW_IRAM1 (Base: 0x20000000, Size: 0x00000bf0, Max: 0x00020000, ABSOLUTE)

    Base Addr    Size         Type   Attr      Idx    E Section Name        Object

    0x20000000   0x00000004   Data   RW           59    .data               main.o
    0x20000004   0x00000018   Data   RW          146    .data               unity_fixture.o
    0x2000001c   0x00000010   Data   RW          532    .data               runtimeerrorstub.o
    0x2000002c   0x00000006   Data   RW          680    .data               leddrivertest.o
    0x20000032   0x00000002   PAD
    0x20000034   0x00000006   Data   RW          905    .data               leddriver.o
    0x2000003a   0x00000002   PAD
    0x2000003c   0x00000004   Data   RW         1201    .data               c_w.l(stdio_streams.o)
    0x20000040   0x00000004   Data   RW         1202    .data               c_w.l(stdio_streams.o)
    0x20000044   0x00000004   Data   RW         1203    .data               c_w.l(stdio_streams.o)
    0x20000048   0x00000028   Zero   RW           58    .bss                main.o
    0x20000070   0x00000274   Zero   RW          144    .bss                unity_fixture.o
    0x200002e4   0x00000004   PAD
    0x200002e8   0x000001a8   Zero   RW          337    .bss                unity.o
    0x20000490   0x00000054   Zero   RW         1198    .bss                c_w.l(stdio_streams.o)
    0x200004e4   0x00000054   Zero   RW         1199    .bss                c_w.l(stdio_streams.o)
    0x20000538   0x00000054   Zero   RW         1200    .bss                c_w.l(stdio_streams.o)
    0x2000058c   0x00000060   Zero   RW         1328    .bss                c_w.l(libspace.o)
    0x200005ec   0x00000004   PAD
    0x200005f0   0x00000200   Zero   RW         1055    HEAP                startup_stm32f407xx.o
    0x200007f0   0x00000400   Zero   RW         1054    STACK               startup_stm32f407xx.o


==============================================================================

Image component sizes


      Code (inc. data)   RO Data    RW Data    ZI Data      Debug   Object Name

         0          0          0          0          0      22752   alltests.o
       372        106          0          6          0       6770   leddriver.o
      3310       2074         10          6          0      19381   leddrivertest.o
        80          0          0          0          0       1135   leddrivertestrunner.o
        56         16          0          4         40       1979   main.o
       388         30         23          0          0       6990   retarget_io.o
        60         28          9         16          0       1959   runtimeerrorstub.o
        64         26        392          0       1536        856   startup_stm32f407xx.o
       100         18          0          0          0        517   system_stm32f4xx.o
      1336        160        480          0        424      29499   unity.o
       972        176          4         24        628      11267   unity_fixture.o

    ----------------------------------------------------------------------
      6744       2634        956         60       2632     103105   Object Totals
         0          0         32          0          0          0   (incl. Generated)
         6          0          6          4          4          0   (incl. Padding)

    ----------------------------------------------------------------------

      Code (inc. data)   RO Data    RW Data    ZI Data      Debug   Library Member Name

         8          0          0          0          0         68   __main.o
         0          0          0          0          0          0   __rtentry.o
        12          0          0          0          0          0   __rtentry2.o
         6          0          0          0          0          0   __rtentry4.o
        52          8          0          0          0          0   __scatter.o
        26          0          0          0          0          0   __scatter_copy.o
        28          0          0          0          0          0   __scatter_zi.o
        28          0          0          0          0         68   _chval.o
       158          0          0          0          0         92   _strtoul.o
        26          0          0          0          0         80   atoi.o
        10          0          0          0          0         68   defsig_exit.o
        50          0          0          0          0         88   defsig_general.o
        80         58          0          0          0         76   defsig_rtmem_inner.o
        14          0          0          0          0         80   defsig_rtmem_outer.o
        52         38          0          0          0         76   defsig_rtred_inner.o
        14          0          0          0          0         80   defsig_rtred_outer.o
        12          0          0          0          0         72   exit.o
        76          0          0          0          0         88   fclose.o
       470          0          0          0          0         88   flsbuf.o
       236          4          0          0          0        128   fopen.o
        26          0          0          0          0         68   fputc.o
       248          6          0          0          0         84   fseek.o
        66          0          0          0          0         76   ftell.o
        94          0          0          0          0         80   h1_alloc.o
        52          0          0          0          0         68   h1_extend.o
        78          0          0          0          0         80   h1_free.o
        14          0          0          0          0         84   h1_init.o
         6          0          0          0          0        152   heapauxi.o
         4          0          0          0          0        136   hguard.o
         0          0          0          0          0          0   indicate_semi.o
       138          0          0          0          0        168   init_alloc.o
       312         46          0          0          0        112   initio.o
        44         10        272          0          0         76   lc_ctype_c.o
         2          0          0          0          0          0   libinit.o
        36          0          0          0          0          0   libinit2.o
         2          0          0          0          0          0   libshutdown.o
         6          0          0          0          0          0   libshutdown2.o
         8          4          0          0         96         68   libspace.o
         0          0          0          0          0          0   maybetermalloc1.o
         4          0          0          0          0         68   putc.o
        12          6          0          0          0         68   putchar.o
        16          4          0          0          0         76   rt_ctype_table.o
         8          4          0          0          0         68   rt_errno_addr_intlibspace.o
         8          4          0          0          0         68   rt_heap_descriptor_intlibspace.o
         8          4          0          0          0         68   rt_locale_intlibspace.o
        78          0          0          0          0         80   rt_memclr_w.o
         2          0          0          0          0          0   rtexit.o
        10          0          0          0          0          0   rtexit2.o
        70          0          0          0          0         80   setvbuf.o
       240          6          0          0          0        156   stdio.o
         0          0          0         12        252          0   stdio_streams.o
       128          0          0          0          0         68   strcmpv7m.o
        36          0          0          0          0         80   strstr.o
       112          0          0          0          0         88   strtol.o
        12          4          0          0          0         68   sys_exit.o
        74          0          0          0          0         80   sys_stackheap_outer.o
        14          0          0          0          0         76   sys_wrch.o
         2          0          0          0          0         68   use_no_semi.o
        10          0          0          0          0        116   fpinit.o
        98          0          0          0          0        144   setjmp.o

    ----------------------------------------------------------------------
      3452        206        272         12        352       3924   Library Totals
        16          0          0          0          4          0   (incl. Padding)

    ----------------------------------------------------------------------

      Code (inc. data)   RO Data    RW Data    ZI Data      Debug   Library Name

      3328        206        272         12        348       3664   c_w.l
       108          0          0          0          0        260   fz_wm.l

    ----------------------------------------------------------------------
      3452        206        272         12        352       3924   Library Totals

    ----------------------------------------------------------------------

==============================================================================


      Code (inc. data)   RO Data    RW Data    ZI Data      Debug   

     10196       2840       1228         72       2984      95949   Grand Totals
     10196       2840       1228         72       2984      95949   ELF Image Totals
     10196       2840       1228         72          0          0   ROM Totals

==============================================================================

    Total RO  Size (Code + RO Data)                11424 (  11.16kB)
    Total RW  Size (RW Data + ZI Data)              3056 (   2.98kB)
    Total ROM Size (Code + RO Data + RW Data)      11496 (  11.23kB)

==============================================================================

